Updating and loading repositories:
 Fedora 42 - x86_64                     100% | 941.0   B/s |   3.4 KiB |  00m04s
 Fedora 42 - x86_64 - Updates           100% | 990.0   B/s |   3.4 KiB |  00m03s
 Fedora 42 openh264 (From Cisco) - x86_ 100% |   9.4 KiB/s | 986.0   B |  00m00s
Repositories loaded.
Nothing to do.
Package "pkgconf-pkg-config-2.3.0-2.fc42.x86_64" is already installed.
Package "gcc-gfortran-15.2.1-7.fc42.x86_64" is already installed.
Package "libcurl-devel-8.11.1-8.fc42.x86_64" is already installed.

Installing declared dependencies: tinytest, later2
trying URL 'https://cloud.r-project.org/src/contrib/tinytest_1.4.3.tar.gz'
Content type 'application/x-gzip' length 595901 bytes (581 KB)
==================================================
downloaded 581 KB

* installing *source* package ‘tinytest’ ...
** this is package ‘tinytest’ version ‘1.4.3’
** package ‘tinytest’ successfully unpacked and MD5 sums checked
** using staged installation
** R
** inst
** byte-compile and prepare package for lazy loading
** help
*** installing help indices
  converting help for package ‘tinytest’
    finding HTML links ... done
    at_home                                 html  
    build_install_test                      html  
    exit_file                               html  
    expect_equal                            html  
    expect_equal_to_reference               html  
    expect_length                           html  
    expect_match                            html  
    get_call_wd                             html  
    ignore                                  html  
    print.tinytest                          html  
    puppy                                   html  
    register_tinytest_extension             html  
    report_side_effects                     html  
    run_test_dir                            html  
    run_test_file                           html  
    setup_tinytest                          html  
    test_package                            html  
    tinytest                                html  
    tinytests                               html  
    using                                   html  
** building package indices
** installing vignettes
** testing if installed package can be loaded from temporary location
** testing if installed package can be loaded from final location
** testing if installed package keeps a record of temporary installation path
* DONE (tinytest)

The downloaded source packages are in
	‘/tmp/Rtmpi9HxlF/downloaded_packages’
Warning message:
package ‘later2’ is not available for this version of R

A version of this package for your version of R might be available elsewhere,
see the ideas at
https://cran.r-project.org/doc/manuals/r-devel/R-admin.html#Installing-packages 
trying URL 'https://cran.rstudio.com/src/contrib/curl_7.1.0.tar.gz'
Content type 'application/x-gzip' length 717725 bytes (700 KB)
==================================================
downloaded 700 KB

* installing *source* package ‘curl’ ...
** this is package ‘curl’ version ‘7.1.0’
** package ‘curl’ successfully unpacked and MD5 sums checked
** using staged installation
Found pkg-config cflags and libs!
Using PKG_CFLAGS=-DWITH_GZFILEOP
Using PKG_LIBS=-lcurl
** libs
using C compiler: ‘gcc (GCC) 15.2.1 20260123 (Red Hat 15.2.1-7)’
gcc -I"/opt/R/devel/lib/R/include" -DNDEBUG -DWITH_GZFILEOP -DSTRICT_R_HEADERS -DR_NO_REMAP  -I/usr/local/include   -fvisibility=hidden -fpic  -g -O2  -c callbacks.c -o callbacks.o
gcc -I"/opt/R/devel/lib/R/include" -DNDEBUG -DWITH_GZFILEOP -DSTRICT_R_HEADERS -DR_NO_REMAP  -I/usr/local/include   -fvisibility=hidden -fpic  -g -O2  -c curl.c -o curl.o
gcc -I"/opt/R/devel/lib/R/include" -DNDEBUG -DWITH_GZFILEOP -DSTRICT_R_HEADERS -DR_NO_REMAP  -I/usr/local/include   -fvisibility=hidden -fpic  -g -O2  -c download.c -o download.o
gcc -I"/opt/R/devel/lib/R/include" -DNDEBUG -DWITH_GZFILEOP -DSTRICT_R_HEADERS -DR_NO_REMAP  -I/usr/local/include   -fvisibility=hidden -fpic  -g -O2  -c dryrun.c -o dryrun.o
gcc -I"/opt/R/devel/lib/R/include" -DNDEBUG -DWITH_GZFILEOP -DSTRICT_R_HEADERS -DR_NO_REMAP  -I/usr/local/include   -fvisibility=hidden -fpic  -g -O2  -c escape.c -o escape.o
gcc -I"/opt/R/devel/lib/R/include" -DNDEBUG -DWITH_GZFILEOP -DSTRICT_R_HEADERS -DR_NO_REMAP  -I/usr/local/include   -fvisibility=hidden -fpic  -g -O2  -c fetch.c -o fetch.o
gcc -I"/opt/R/devel/lib/R/include" -DNDEBUG -DWITH_GZFILEOP -DSTRICT_R_HEADERS -DR_NO_REMAP  -I/usr/local/include   -fvisibility=hidden -fpic  -g -O2  -c findport.c -o findport.o
gcc -I"/opt/R/devel/lib/R/include" -DNDEBUG -DWITH_GZFILEOP -DSTRICT_R_HEADERS -DR_NO_REMAP  -I/usr/local/include   -fvisibility=hidden -fpic  -g -O2  -c form.c -o form.o
gcc -I"/opt/R/devel/lib/R/include" -DNDEBUG -DWITH_GZFILEOP -DSTRICT_R_HEADERS -DR_NO_REMAP  -I/usr/local/include   -fvisibility=hidden -fpic  -g -O2  -c getdate.c -o getdate.o
gcc -I"/opt/R/devel/lib/R/include" -DNDEBUG -DWITH_GZFILEOP -DSTRICT_R_HEADERS -DR_NO_REMAP  -I/usr/local/include   -fvisibility=hidden -fpic  -g -O2  -c handle.c -o handle.o
gcc -I"/opt/R/devel/lib/R/include" -DNDEBUG -DWITH_GZFILEOP -DSTRICT_R_HEADERS -DR_NO_REMAP  -I/usr/local/include   -fvisibility=hidden -fpic  -g -O2  -c ieproxy.c -o ieproxy.o
gcc -I"/opt/R/devel/lib/R/include" -DNDEBUG -DWITH_GZFILEOP -DSTRICT_R_HEADERS -DR_NO_REMAP  -I/usr/local/include   -fvisibility=hidden -fpic  -g -O2  -c init.c -o init.o
gcc -I"/opt/R/devel/lib/R/include" -DNDEBUG -DWITH_GZFILEOP -DSTRICT_R_HEADERS -DR_NO_REMAP  -I/usr/local/include   -fvisibility=hidden -fpic  -g -O2  -c interrupt.c -o interrupt.o
gcc -I"/opt/R/devel/lib/R/include" -DNDEBUG -DWITH_GZFILEOP -DSTRICT_R_HEADERS -DR_NO_REMAP  -I/usr/local/include   -fvisibility=hidden -fpic  -g -O2  -c multi.c -o multi.o
gcc -I"/opt/R/devel/lib/R/include" -DNDEBUG -DWITH_GZFILEOP -DSTRICT_R_HEADERS -DR_NO_REMAP  -I/usr/local/include   -fvisibility=hidden -fpic  -g -O2  -c nslookup.c -o nslookup.o
gcc -I"/opt/R/devel/lib/R/include" -DNDEBUG -DWITH_GZFILEOP -DSTRICT_R_HEADERS -DR_NO_REMAP  -I/usr/local/include   -fvisibility=hidden -fpic  -g -O2  -c options.c -o options.o
gcc -I"/opt/R/devel/lib/R/include" -DNDEBUG -DWITH_GZFILEOP -DSTRICT_R_HEADERS -DR_NO_REMAP  -I/usr/local/include   -fvisibility=hidden -fpic  -g -O2  -c reflist.c -o reflist.o
gcc -I"/opt/R/devel/lib/R/include" -DNDEBUG -DWITH_GZFILEOP -DSTRICT_R_HEADERS -DR_NO_REMAP  -I/usr/local/include   -fvisibility=hidden -fpic  -g -O2  -c split.c -o split.o
gcc -I"/opt/R/devel/lib/R/include" -DNDEBUG -DWITH_GZFILEOP -DSTRICT_R_HEADERS -DR_NO_REMAP  -I/usr/local/include   -fvisibility=hidden -fpic  -g -O2  -c ssl.c -o ssl.o
gcc -I"/opt/R/devel/lib/R/include" -DNDEBUG -DWITH_GZFILEOP -DSTRICT_R_HEADERS -DR_NO_REMAP  -I/usr/local/include   -fvisibility=hidden -fpic  -g -O2  -c typechecking.c -o typechecking.o
gcc -I"/opt/R/devel/lib/R/include" -DNDEBUG -DWITH_GZFILEOP -DSTRICT_R_HEADERS -DR_NO_REMAP  -I/usr/local/include   -fvisibility=hidden -fpic  -g -O2  -c urlparser.c -o urlparser.o
gcc -I"/opt/R/devel/lib/R/include" -DNDEBUG -DWITH_GZFILEOP -DSTRICT_R_HEADERS -DR_NO_REMAP  -I/usr/local/include   -fvisibility=hidden -fpic  -g -O2  -c utils.c -o utils.o
gcc -I"/opt/R/devel/lib/R/include" -DNDEBUG -DWITH_GZFILEOP -DSTRICT_R_HEADERS -DR_NO_REMAP  -I/usr/local/include   -fvisibility=hidden -fpic  -g -O2  -c version.c -o version.o
gcc -I"/opt/R/devel/lib/R/include" -DNDEBUG -DWITH_GZFILEOP -DSTRICT_R_HEADERS -DR_NO_REMAP  -I/usr/local/include   -fvisibility=hidden -fpic  -g -O2  -c winidn.c -o winidn.o
gcc -I"/opt/R/devel/lib/R/include" -DNDEBUG -DWITH_GZFILEOP -DSTRICT_R_HEADERS -DR_NO_REMAP  -I/usr/local/include   -fvisibility=hidden -fpic  -g -O2  -c writer.c -o writer.o
gcc -shared -L/opt/R/devel/lib/R/lib -L/usr/local/lib -o curl.so callbacks.o curl.o download.o dryrun.o escape.o fetch.o findport.o form.o getdate.o handle.o ieproxy.o init.o interrupt.o multi.o nslookup.o options.o reflist.o split.o ssl.o typechecking.o urlparser.o utils.o version.o winidn.o writer.o -lcurl -L/opt/R/devel/lib/R/lib -lR
installing to /cache/R_libs/00LOCK-curl/00new/curl/libs
** R
** inst
** byte-compile and prepare package for lazy loading
** help
*** installing help indices
  converting help for package ‘curl’
    finding HTML links ... done
    curl                                    html  
    curl_download                           html  
    curl_echo                               html  
    curl_escape                             html  
    curl_fetch                              html  
    curl_options                            html  
    curl_parse_url                          html  
    curl_upload                             html  
    file_writer                             html  
    handle                                  html  
    handle_cookies                          html  
    ie_proxy                                html  
    multi                                   html  
    multi_download                          html  
    multipart                               html  
    nslookup                                html  
    parse_date                              html  
    parse_headers                           html  
    send_mail                               html  
** building package indices
** installing vignettes
** testing if installed package can be loaded from temporary location
** checking absolute paths in shared objects and dynamic libraries
** testing if installed package can be loaded from final location
** testing if installed package keeps a record of temporary installation path
* DONE (curl)

The downloaded source packages are in
	‘/tmp/RtmpYBhnQH/downloaded_packages’
* installing *source* package ‘cpp4r’ ...
** this is package ‘cpp4r’ version ‘1.1.0’
** using staged installation
** R
** inst
** byte-compile and prepare package for lazy loading
** help
*** installing help indices
  converting help for package ‘cpp4r’
    finding HTML links ... done
    cpp4r-package                           html  
    pkg_template                            html  
    register                                html  
    unvendor                                html  
    vendor                                  html  
*** copying figures
** building package indices
** testing if installed package can be loaded from temporary location
** testing if installed package can be loaded from final location
** testing if installed package keeps a record of temporary installation path
* DONE (cpp4r)
* installing *source* package ‘later2’ ...
** this is package ‘later2’ version ‘0.1’
** using staged installation
Running configure script
-latomic linker flag not needed.
** libs
using C compiler: ‘gcc (GCC) 15.2.1 20260123 (Red Hat 15.2.1-7)’
using C++ compiler: ‘g++ (GCC) 15.2.1 20260123 (Red Hat 15.2.1-7)’
g++ -std=gnu++20 -I"/opt/R/devel/lib/R/include" -DNDEBUG -pthread -DSTRICT_R_HEADERS  -I'/cache/R_libs/cpp4r/include' -I/usr/local/include    -fpic  -g -O2   -c callback_registry.cpp -o callback_registry.o
g++ -std=gnu++20 -I"/opt/R/devel/lib/R/include" -DNDEBUG -pthread -DSTRICT_R_HEADERS  -I'/cache/R_libs/cpp4r/include' -I/usr/local/include    -fpic  -g -O2   -c cpp4r.cpp -o cpp4r.o
g++ -std=gnu++20 -I"/opt/R/devel/lib/R/include" -DNDEBUG -pthread -DSTRICT_R_HEADERS  -I'/cache/R_libs/cpp4r/include' -I/usr/local/include    -fpic  -g -O2   -c debug.cpp -o debug.o
g++ -std=gnu++20 -I"/opt/R/devel/lib/R/include" -DNDEBUG -pthread -DSTRICT_R_HEADERS  -I'/cache/R_libs/cpp4r/include' -I/usr/local/include    -fpic  -g -O2   -c fd.cpp -o fd.o
g++ -std=gnu++20 -I"/opt/R/devel/lib/R/include" -DNDEBUG -pthread -DSTRICT_R_HEADERS  -I'/cache/R_libs/cpp4r/include' -I/usr/local/include    -fpic  -g -O2   -c later2.cpp -o later2.o
g++ -std=gnu++20 -I"/opt/R/devel/lib/R/include" -DNDEBUG -pthread -DSTRICT_R_HEADERS  -I'/cache/R_libs/cpp4r/include' -I/usr/local/include    -fpic  -g -O2   -c later_posix.cpp -o later_posix.o
g++ -std=gnu++20 -I"/opt/R/devel/lib/R/include" -DNDEBUG -pthread -DSTRICT_R_HEADERS  -I'/cache/R_libs/cpp4r/include' -I/usr/local/include    -fpic  -g -O2   -c later_win32.cpp -o later_win32.o
g++ -std=gnu++20 -I"/opt/R/devel/lib/R/include" -DNDEBUG -pthread -DSTRICT_R_HEADERS  -I'/cache/R_libs/cpp4r/include' -I/usr/local/include    -fpic  -g -O2   -c timer_posix.cpp -o timer_posix.o
g++ -std=gnu++20 -I"/opt/R/devel/lib/R/include" -DNDEBUG -pthread -DSTRICT_R_HEADERS  -I'/cache/R_libs/cpp4r/include' -I/usr/local/include    -fpic  -g -O2   -c timestamp_unix.cpp -o timestamp_unix.o
g++ -std=gnu++20 -I"/opt/R/devel/lib/R/include" -DNDEBUG -pthread -DSTRICT_R_HEADERS  -I'/cache/R_libs/cpp4r/include' -I/usr/local/include    -fpic  -g -O2   -c timestamp_win32.cpp -o timestamp_win32.o
gcc -I"/opt/R/devel/lib/R/include" -DNDEBUG -pthread -DSTRICT_R_HEADERS  -I'/cache/R_libs/cpp4r/include' -I/usr/local/include    -fpic  -g -O2  -c tinycthread.c -o tinycthread.o
g++ -std=gnu++20 -I"/opt/R/devel/lib/R/include" -DNDEBUG -pthread -DSTRICT_R_HEADERS  -I'/cache/R_libs/cpp4r/include' -I/usr/local/include    -fpic  -g -O2   -c wref.cpp -o wref.o
g++ -std=gnu++20 -shared -L/opt/R/devel/lib/R/lib -L/usr/local/lib -o later2.so callback_registry.o cpp4r.o debug.o fd.o later2.o later_posix.o later_win32.o timer_posix.o timestamp_unix.o timestamp_win32.o tinycthread.o wref.o -pthread -L/opt/R/devel/lib/R/lib -lR
installing to /cache/R_libs/00LOCK-later2/00new/later2/libs
** R
** inst
** byte-compile and prepare package for lazy loading
** help
*** installing help indices
  converting help for package ‘later2’
    finding HTML links ... done
    create_loop                             html  
    format.event_loop                       html  
    format.promise                          html  
    is.promise                              html  
    later                                   html  
    later2-package                          html  
    later_fd                                html  
    list_queue                              html  
    logLevel                                html  
    loop_empty                              html  
    next_op_secs                            html  
    print.event_loop                        html  
    print.promise                           html  
    promise                                 html  
    run_now                                 html  
    then                                    html  
** building package indices
** installing vignettes
** testing if installed package can be loaded from temporary location
** checking absolute paths in shared objects and dynamic libraries
** testing if installed package can be loaded from final location
** testing if installed package keeps a record of temporary installation path
* DONE (later2)
* installing *source* package ‘later2test’ ...
** this is package ‘later2test’ version ‘0.1’
** using staged installation
Running configure script
Using CXX_STD=CXX17
** libs
specified C++17
using C++ compiler: ‘g++ (GCC) 15.2.1 20260123 (Red Hat 15.2.1-7)’
using C++17
g++ -std=gnu++17 -I"/opt/R/devel/lib/R/include" -DNDEBUG  -I'/cache/R_libs/cpp4r/include' -I'/cache/R_libs/later2/include' -I/usr/local/include   -fopenmp -fpic  -g -O2   -c cpp4r.cpp -o cpp4r.o
g++ -std=gnu++17 -I"/opt/R/devel/lib/R/include" -DNDEBUG  -I'/cache/R_libs/cpp4r/include' -I'/cache/R_libs/later2/include' -I/usr/local/include   -fopenmp -fpic  -g -O2   -c later2test.cpp -o later2test.o
g++ -std=gnu++17 -shared -L/opt/R/devel/lib/R/lib -L/usr/local/lib -o later2test.so cpp4r.o later2test.o -fopenmp -L/opt/R/devel/lib/R/lib -lR
installing to /cache/R_libs/00LOCK-later2test/00new/later2test/libs
** R
** inst
** byte-compile and prepare package for lazy loading
** help
*** installing help indices
  converting help for package ‘later2test’
    finding HTML links ... done
    later2test-package                      html  
    testing                                 html  
** building package indices
** testing if installed package can be loaded from temporary location
** checking absolute paths in shared objects and dynamic libraries
** testing if installed package can be loaded from final location
** testing if installed package keeps a record of temporary installation path
* DONE (later2test)
* using log directory ‘/check/later2test.Rcheck’
* using R Under development (unstable) (2026-05-12 r90049)
* using platform: x86_64-pc-linux-gnu
* R was compiled by
    gcc (GCC) 15.2.1 20260123 (Red Hat 15.2.1-7)
    GNU Fortran (GCC) 15.2.1 20260123 (Red Hat 15.2.1-7)
* running under: Fedora Linux 42 (Container Image)
* using session charset: UTF-8
* current time: 2026-07-24 20:54:46 UTC
* using options ‘--no-manual --as-cran’
* checking for file ‘later2test/DESCRIPTION’ ... OK
* checking extension type ... Package
* this is package ‘later2test’ version ‘0.1’
* package encoding: UTF-8
* checking CRAN incoming feasibility ... WARNING
Maintainer: ‘Mauricio Vargas Sepulveda <m.vargas.sepulveda@gmail.com>’

New submission

Strong dependencies not in the CRAN or BioC software repositories:
  later2
* checking package namespace information ... OK
* checking package dependencies ... OK
* checking if this is a source package ... OK
* checking if there is a namespace ... OK
* checking for .dll and .exe files ... OK
* checking for hidden files and directories ... OK
* checking for portable file names ... OK
* checking for sufficient/correct file permissions ... OK
* checking whether package ‘later2test’ can be installed ... OK
* used C++ compiler: ‘g++ (GCC) 15.2.1 20260123 (Red Hat 15.2.1-7)’
* checking C++ specification ... INFO
  specified C++17
* checking package directory ... OK
* checking for future file timestamps ... OK
* checking DESCRIPTION meta-information ... OK
* checking top-level files ... OK
* checking for left-over files ... OK
* checking index information ... OK
* checking package subdirectories ... OK
* checking code files for non-ASCII characters ... OK
* checking R files for syntax errors ... OK
* checking whether the package can be loaded ... OK
* checking whether the package can be loaded with stated dependencies ... OK
* checking whether the package can be unloaded cleanly ... OK
* checking whether the namespace can be loaded with stated dependencies ... OK
* checking whether the namespace can be unloaded cleanly ... OK
* checking loading without being on the library search path ... OK
* checking use of S3 registration ... OK
* checking dependencies in R code ... OK
* checking S3 generic/method consistency ... OK
* checking replacement functions ... OK
* checking foreign function calls ... OK
* checking R code for possible problems ... OK
* checking Rd files ... OK
* checking Rd metadata ... OK
* checking Rd line widths ... OK
* checking Rd cross-references ... OK
* checking for missing documentation entries ... OK
* checking for code/documentation mismatches ... OK
* checking Rd \usage sections ... OK
* checking Rd contents ... OK
* checking for unstated dependencies in examples ... OK
* checking line endings in shell scripts ... OK
* checking line endings in C/C++/Fortran sources/headers ... OK
* checking line endings in Makefiles ... OK
* checking compilation flags in Makevars ... OK
* checking for GNU extensions in Makefiles ... OK
* checking for portable use of $(BLAS_LIBS) and $(LAPACK_LIBS) ... OK
* checking use of PKG_*FLAGS in Makefiles ... OK
* checking use of SHLIB_OPENMP_*FLAGS in Makefiles ... OK
* checking pragmas in C/C++ headers and code ... OK
* checking compilation flags used ... OK
* checking compiled code ... OK
* checking examples ... NONE
* checking for unstated dependencies in ‘tests’ ... OK
* checking tests ...
  Running ‘tinytest.R’
 OK
* checking for non-standard things in the check directory ... OK
* checking for detritus in the temp directory ... OK
* DONE

Status: 1 WARNING
See
  ‘/check/later2test.Rcheck/00check.log’
for details.

=== 00install.out ===
* installing *source* package ‘later2test’ ...
** this is package ‘later2test’ version ‘0.1’
** using staged installation
Running configure script
Using CXX_STD=CXX17
** libs
specified C++17
using C++ compiler: ‘g++ (GCC) 15.2.1 20260123 (Red Hat 15.2.1-7)’
using C++17
g++ -std=gnu++17 -I"/opt/R/devel/lib/R/include" -DNDEBUG  -I'/cache/R_libs/cpp4r/include' -I'/cache/R_libs/later2/include' -I/usr/local/include   -fopenmp -fpic  -g -O2   -c cpp4r.cpp -o cpp4r.o
g++ -std=gnu++17 -I"/opt/R/devel/lib/R/include" -DNDEBUG  -I'/cache/R_libs/cpp4r/include' -I'/cache/R_libs/later2/include' -I/usr/local/include   -fopenmp -fpic  -g -O2   -c later2test.cpp -o later2test.o
g++ -std=gnu++17 -shared -L/opt/R/devel/lib/R/lib -L/usr/local/lib -o later2test.so cpp4r.o later2test.o -fopenmp -L/opt/R/devel/lib/R/lib -lR
installing to /check/later2test.Rcheck/00LOCK-later2test/00new/later2test/libs
** R
** inst
** byte-compile and prepare package for lazy loading
** help
*** installing help indices
  converting help for package ‘later2test’
    finding HTML links ... done
    later2test-package                      html  
    testing                                 html  
** building package indices
** testing if installed package can be loaded from temporary location
** checking absolute paths in shared objects and dynamic libraries
** testing if installed package can be loaded from final location
** testing if installed package keeps a record of temporary installation path
* DONE (later2test)
=== 00check.log ===
* using log directory ‘/check/later2test.Rcheck’
* using R Under development (unstable) (2026-05-12 r90049)
* using platform: x86_64-pc-linux-gnu
* R was compiled by
    gcc (GCC) 15.2.1 20260123 (Red Hat 15.2.1-7)
    GNU Fortran (GCC) 15.2.1 20260123 (Red Hat 15.2.1-7)
* running under: Fedora Linux 42 (Container Image)
* using session charset: UTF-8
* current time: 2026-07-24 20:54:46 UTC
* using options ‘--no-manual --as-cran’
* checking for file ‘later2test/DESCRIPTION’ ... OK
* checking extension type ... Package
* this is package ‘later2test’ version ‘0.1’
* package encoding: UTF-8
* checking CRAN incoming feasibility ... WARNING
Maintainer: ‘Mauricio Vargas Sepulveda <m.vargas.sepulveda@gmail.com>’

New submission

Strong dependencies not in the CRAN or BioC software repositories:
  later2
* checking package namespace information ... OK
* checking package dependencies ... OK
* checking if this is a source package ... OK
* checking if there is a namespace ... OK
* checking for .dll and .exe files ... OK
* checking for hidden files and directories ... OK
* checking for portable file names ... OK
* checking for sufficient/correct file permissions ... OK
* checking whether package ‘later2test’ can be installed ... OK
* used C++ compiler: ‘g++ (GCC) 15.2.1 20260123 (Red Hat 15.2.1-7)’
* checking C++ specification ... INFO
  specified C++17
* checking package directory ... OK
* checking for future file timestamps ... OK
* checking DESCRIPTION meta-information ... OK
* checking top-level files ... OK
* checking for left-over files ... OK
* checking index information ... OK
* checking package subdirectories ... OK
* checking code files for non-ASCII characters ... OK
* checking R files for syntax errors ... OK
* checking whether the package can be loaded ... OK
* checking whether the package can be loaded with stated dependencies ... OK
* checking whether the package can be unloaded cleanly ... OK
* checking whether the namespace can be loaded with stated dependencies ... OK
* checking whether the namespace can be unloaded cleanly ... OK
* checking loading without being on the library search path ... OK
* checking use of S3 registration ... OK
* checking dependencies in R code ... OK
* checking S3 generic/method consistency ... OK
* checking replacement functions ... OK
* checking foreign function calls ... OK
* checking R code for possible problems ... OK
* checking Rd files ... OK
* checking Rd metadata ... OK
* checking Rd line widths ... OK
* checking Rd cross-references ... OK
* checking for missing documentation entries ... OK
* checking for code/documentation mismatches ... OK
* checking Rd \usage sections ... OK
* checking Rd contents ... OK
* checking for unstated dependencies in examples ... OK
* checking line endings in shell scripts ... OK
* checking line endings in C/C++/Fortran sources/headers ... OK
* checking line endings in Makefiles ... OK
* checking compilation flags in Makevars ... OK
* checking for GNU extensions in Makefiles ... OK
* checking for portable use of $(BLAS_LIBS) and $(LAPACK_LIBS) ... OK
* checking use of PKG_*FLAGS in Makefiles ... OK
* checking use of SHLIB_OPENMP_*FLAGS in Makefiles ... OK
* checking pragmas in C/C++ headers and code ... OK
* checking compilation flags used ... OK
* checking compiled code ... OK
* checking examples ... NONE
* checking for unstated dependencies in ‘tests’ ... OK
* checking tests ... OK
  Running ‘tinytest.R’
* checking for non-standard things in the check directory ... OK
* checking for detritus in the temp directory ... OK
* DONE
Status: 1 WARNING
