Updating and loading repositories:
 Fedora 44 - x86_64 - Updates           100% |  10.0 KiB/s |  17.1 KiB |  00m02s
 Fedora 44 openh264 (From Cisco) - x86_ 100% | 820.0   B/s | 986.0   B |  00m01s
 Fedora 44 - x86_64                     100% |  31.5 KiB/s |  19.6 KiB |  00m01s
Repositories loaded.
Nothing to do.
Package "pkgconf-pkg-config-2.5.1-1.fc44.x86_64" is already installed.
Package "gcc-gfortran-16.1.1-1.fc44.x86_64" is already installed.
Package "libcurl-devel-8.18.0-6.fc44.x86_64" is already installed.

Installing declared dependencies: tinytest, rbibutils, litedown, later2
also installing the dependencies ‘commonmark’, ‘xfun’

trying URL 'https://cloud.r-project.org/src/contrib/commonmark_2.0.0.tar.gz'
trying URL 'https://yihui.r-universe.dev/src/contrib/xfun_0.60.1.tar.gz?sha256=fd175f9e69de6b2efd7ebb6e4c921c13801b60bbb52fef9702022fac7ec93fbf&file=/xfun_0.60.1.tar.gz'
trying URL 'https://cloud.r-project.org/src/contrib/tinytest_1.4.3.tar.gz'
trying URL 'https://cloud.r-project.org/src/contrib/rbibutils_2.4.1.tar.gz'
trying URL 'https://yihui.r-universe.dev/src/contrib/litedown_0.10.1.tar.gz?sha256=5311ad2f675fbf8652db4c445512db39a27dc65b98e1ad979bfa63d1bec22611&file=/litedown_0.10.1.tar.gz'
* installing *source* package ‘commonmark’ ...
** this is package ‘commonmark’ version ‘2.0.0’
** package ‘commonmark’ successfully unpacked and MD5 sums checked
** using staged installation
** libs
using C compiler: ‘gcc (GCC) 16.1.1 20260501 (Red Hat 16.1.1-1)’
gcc -I"/opt/R/devel-gcc16/lib/R/include" -DNDEBUG -Icmark -I. -DCMARK_GFM_STATIC_DEFINE -DCMARK_GFM_EXTENSIONS_STATIC_DEFINE -DR_NO_REMAP -DSTRICT_R_HEADERS  -I/usr/local/include   -fvisibility=hidden -fpic  -g -O2 -Wall -pedantic -mtune=native -Werror=format-security -Wp,-D_FORTIFY_SOURCE=3 -fexceptions -fstack-protector-strong -fstack-clash-protection -fcf-protection -Werror=implicit-function-declaration -Wstrict-prototypes  -c extensions.c -o extensions.o
gcc -I"/opt/R/devel-gcc16/lib/R/include" -DNDEBUG -Icmark -I. -DCMARK_GFM_STATIC_DEFINE -DCMARK_GFM_EXTENSIONS_STATIC_DEFINE -DR_NO_REMAP -DSTRICT_R_HEADERS  -I/usr/local/include   -fvisibility=hidden -fpic  -g -O2 -Wall -pedantic -mtune=native -Werror=format-security -Wp,-D_FORTIFY_SOURCE=3 -fexceptions -fstack-protector-strong -fstack-clash-protection -fcf-protection -Werror=implicit-function-declaration -Wstrict-prototypes  -c init.c -o init.o
gcc -I"/opt/R/devel-gcc16/lib/R/include" -DNDEBUG -Icmark -I. -DCMARK_GFM_STATIC_DEFINE -DCMARK_GFM_EXTENSIONS_STATIC_DEFINE -DR_NO_REMAP -DSTRICT_R_HEADERS  -I/usr/local/include   -fvisibility=hidden -fpic  -g -O2 -Wall -pedantic -mtune=native -Werror=format-security -Wp,-D_FORTIFY_SOURCE=3 -fexceptions -fstack-protector-strong -fstack-clash-protection -fcf-protection -Werror=implicit-function-declaration -Wstrict-prototypes  -c wrapper.c -o wrapper.o
gcc -I"/opt/R/devel-gcc16/lib/R/include" -DNDEBUG -Icmark -I. -DCMARK_GFM_STATIC_DEFINE -DCMARK_GFM_EXTENSIONS_STATIC_DEFINE -DR_NO_REMAP -DSTRICT_R_HEADERS  -I/usr/local/include   -fvisibility=hidden -fpic  -g -O2 -Wall -pedantic -mtune=native -Werror=format-security -Wp,-D_FORTIFY_SOURCE=3 -fexceptions -fstack-protector-strong -fstack-clash-protection -fcf-protection -Werror=implicit-function-declaration -Wstrict-prototypes  -c cmark/cmark.c -o cmark/cmark.o
gcc -I"/opt/R/devel-gcc16/lib/R/include" -DNDEBUG -Icmark -I. -DCMARK_GFM_STATIC_DEFINE -DCMARK_GFM_EXTENSIONS_STATIC_DEFINE -DR_NO_REMAP -DSTRICT_R_HEADERS  -I/usr/local/include   -fvisibility=hidden -fpic  -g -O2 -Wall -pedantic -mtune=native -Werror=format-security -Wp,-D_FORTIFY_SOURCE=3 -fexceptions -fstack-protector-strong -fstack-clash-protection -fcf-protection -Werror=implicit-function-declaration -Wstrict-prototypes  -c cmark/node.c -o cmark/node.o
gcc -I"/opt/R/devel-gcc16/lib/R/include" -DNDEBUG -Icmark -I. -DCMARK_GFM_STATIC_DEFINE -DCMARK_GFM_EXTENSIONS_STATIC_DEFINE -DR_NO_REMAP -DSTRICT_R_HEADERS  -I/usr/local/include   -fvisibility=hidden -fpic  -g -O2 -Wall -pedantic -mtune=native -Werror=format-security -Wp,-D_FORTIFY_SOURCE=3 -fexceptions -fstack-protector-strong -fstack-clash-protection -fcf-protection -Werror=implicit-function-declaration -Wstrict-prototypes  -c cmark/iterator.c -o cmark/iterator.o
gcc -I"/opt/R/devel-gcc16/lib/R/include" -DNDEBUG -Icmark -I. -DCMARK_GFM_STATIC_DEFINE -DCMARK_GFM_EXTENSIONS_STATIC_DEFINE -DR_NO_REMAP -DSTRICT_R_HEADERS  -I/usr/local/include   -fvisibility=hidden -fpic  -g -O2 -Wall -pedantic -mtune=native -Werror=format-security -Wp,-D_FORTIFY_SOURCE=3 -fexceptions -fstack-protector-strong -fstack-clash-protection -fcf-protection -Werror=implicit-function-declaration -Wstrict-prototypes  -c cmark/blocks.c -o cmark/blocks.o
gcc -I"/opt/R/devel-gcc16/lib/R/include" -DNDEBUG -Icmark -I. -DCMARK_GFM_STATIC_DEFINE -DCMARK_GFM_EXTENSIONS_STATIC_DEFINE -DR_NO_REMAP -DSTRICT_R_HEADERS  -I/usr/local/include   -fvisibility=hidden -fpic  -g -O2 -Wall -pedantic -mtune=native -Werror=format-security -Wp,-D_FORTIFY_SOURCE=3 -fexceptions -fstack-protector-strong -fstack-clash-protection -fcf-protection -Werror=implicit-function-declaration -Wstrict-prototypes  -c cmark/inlines.c -o cmark/inlines.o
gcc -I"/opt/R/devel-gcc16/lib/R/include" -DNDEBUG -Icmark -I. -DCMARK_GFM_STATIC_DEFINE -DCMARK_GFM_EXTENSIONS_STATIC_DEFINE -DR_NO_REMAP -DSTRICT_R_HEADERS  -I/usr/local/include   -fvisibility=hidden -fpic  -g -O2 -Wall -pedantic -mtune=native -Werror=format-security -Wp,-D_FORTIFY_SOURCE=3 -fexceptions -fstack-protector-strong -fstack-clash-protection -fcf-protection -Werror=implicit-function-declaration -Wstrict-prototypes  -c cmark/scanners.c -o cmark/scanners.o
gcc -I"/opt/R/devel-gcc16/lib/R/include" -DNDEBUG -Icmark -I. -DCMARK_GFM_STATIC_DEFINE -DCMARK_GFM_EXTENSIONS_STATIC_DEFINE -DR_NO_REMAP -DSTRICT_R_HEADERS  -I/usr/local/include   -fvisibility=hidden -fpic  -g -O2 -Wall -pedantic -mtune=native -Werror=format-security -Wp,-D_FORTIFY_SOURCE=3 -fexceptions -fstack-protector-strong -fstack-clash-protection -fcf-protection -Werror=implicit-function-declaration -Wstrict-prototypes  -c cmark/utf8.c -o cmark/utf8.o
gcc -I"/opt/R/devel-gcc16/lib/R/include" -DNDEBUG -Icmark -I. -DCMARK_GFM_STATIC_DEFINE -DCMARK_GFM_EXTENSIONS_STATIC_DEFINE -DR_NO_REMAP -DSTRICT_R_HEADERS  -I/usr/local/include   -fvisibility=hidden -fpic  -g -O2 -Wall -pedantic -mtune=native -Werror=format-security -Wp,-D_FORTIFY_SOURCE=3 -fexceptions -fstack-protector-strong -fstack-clash-protection -fcf-protection -Werror=implicit-function-declaration -Wstrict-prototypes  -c cmark/buffer.c -o cmark/buffer.o
gcc -I"/opt/R/devel-gcc16/lib/R/include" -DNDEBUG -Icmark -I. -DCMARK_GFM_STATIC_DEFINE -DCMARK_GFM_EXTENSIONS_STATIC_DEFINE -DR_NO_REMAP -DSTRICT_R_HEADERS  -I/usr/local/include   -fvisibility=hidden -fpic  -g -O2 -Wall -pedantic -mtune=native -Werror=format-security -Wp,-D_FORTIFY_SOURCE=3 -fexceptions -fstack-protector-strong -fstack-clash-protection -fcf-protection -Werror=implicit-function-declaration -Wstrict-prototypes  -c cmark/references.c -o cmark/references.o
gcc -I"/opt/R/devel-gcc16/lib/R/include" -DNDEBUG -Icmark -I. -DCMARK_GFM_STATIC_DEFINE -DCMARK_GFM_EXTENSIONS_STATIC_DEFINE -DR_NO_REMAP -DSTRICT_R_HEADERS  -I/usr/local/include   -fvisibility=hidden -fpic  -g -O2 -Wall -pedantic -mtune=native -Werror=format-security -Wp,-D_FORTIFY_SOURCE=3 -fexceptions -fstack-protector-strong -fstack-clash-protection -fcf-protection -Werror=implicit-function-declaration -Wstrict-prototypes  -c cmark/render.c -o cmark/render.o
gcc -I"/opt/R/devel-gcc16/lib/R/include" -DNDEBUG -Icmark -I. -DCMARK_GFM_STATIC_DEFINE -DCMARK_GFM_EXTENSIONS_STATIC_DEFINE -DR_NO_REMAP -DSTRICT_R_HEADERS  -I/usr/local/include   -fvisibility=hidden -fpic  -g -O2 -Wall -pedantic -mtune=native -Werror=format-security -Wp,-D_FORTIFY_SOURCE=3 -fexceptions -fstack-protector-strong -fstack-clash-protection -fcf-protection -Werror=implicit-function-declaration -Wstrict-prototypes  -c cmark/man.c -o cmark/man.o
gcc -I"/opt/R/devel-gcc16/lib/R/include" -DNDEBUG -Icmark -I. -DCMARK_GFM_STATIC_DEFINE -DCMARK_GFM_EXTENSIONS_STATIC_DEFINE -DR_NO_REMAP -DSTRICT_R_HEADERS  -I/usr/local/include   -fvisibility=hidden -fpic  -g -O2 -Wall -pedantic -mtune=native -Werror=format-security -Wp,-D_FORTIFY_SOURCE=3 -fexceptions -fstack-protector-strong -fstack-clash-protection -fcf-protection -Werror=implicit-function-declaration -Wstrict-prototypes  -c cmark/xml.c -o cmark/xml.o
gcc -I"/opt/R/devel-gcc16/lib/R/include" -DNDEBUG -Icmark -I. -DCMARK_GFM_STATIC_DEFINE -DCMARK_GFM_EXTENSIONS_STATIC_DEFINE -DR_NO_REMAP -DSTRICT_R_HEADERS  -I/usr/local/include   -fvisibility=hidden -fpic  -g -O2 -Wall -pedantic -mtune=native -Werror=format-security -Wp,-D_FORTIFY_SOURCE=3 -fexceptions -fstack-protector-strong -fstack-clash-protection -fcf-protection -Werror=implicit-function-declaration -Wstrict-prototypes  -c cmark/html.c -o cmark/html.o
gcc -I"/opt/R/devel-gcc16/lib/R/include" -DNDEBUG -Icmark -I. -DCMARK_GFM_STATIC_DEFINE -DCMARK_GFM_EXTENSIONS_STATIC_DEFINE -DR_NO_REMAP -DSTRICT_R_HEADERS  -I/usr/local/include   -fvisibility=hidden -fpic  -g -O2 -Wall -pedantic -mtune=native -Werror=format-security -Wp,-D_FORTIFY_SOURCE=3 -fexceptions -fstack-protector-strong -fstack-clash-protection -fcf-protection -Werror=implicit-function-declaration -Wstrict-prototypes  -c cmark/commonmark.c -o cmark/commonmark.o
gcc -I"/opt/R/devel-gcc16/lib/R/include" -DNDEBUG -Icmark -I. -DCMARK_GFM_STATIC_DEFINE -DCMARK_GFM_EXTENSIONS_STATIC_DEFINE -DR_NO_REMAP -DSTRICT_R_HEADERS  -I/usr/local/include   -fvisibility=hidden -fpic  -g -O2 -Wall -pedantic -mtune=native -Werror=format-security -Wp,-D_FORTIFY_SOURCE=3 -fexceptions -fstack-protector-strong -fstack-clash-protection -fcf-protection -Werror=implicit-function-declaration -Wstrict-prototypes  -c cmark/latex.c -o cmark/latex.o
gcc -I"/opt/R/devel-gcc16/lib/R/include" -DNDEBUG -Icmark -I. -DCMARK_GFM_STATIC_DEFINE -DCMARK_GFM_EXTENSIONS_STATIC_DEFINE -DR_NO_REMAP -DSTRICT_R_HEADERS  -I/usr/local/include   -fvisibility=hidden -fpic  -g -O2 -Wall -pedantic -mtune=native -Werror=format-security -Wp,-D_FORTIFY_SOURCE=3 -fexceptions -fstack-protector-strong -fstack-clash-protection -fcf-protection -Werror=implicit-function-declaration -Wstrict-prototypes  -c cmark/houdini_href_e.c -o cmark/houdini_href_e.o
gcc -I"/opt/R/devel-gcc16/lib/R/include" -DNDEBUG -Icmark -I. -DCMARK_GFM_STATIC_DEFINE -DCMARK_GFM_EXTENSIONS_STATIC_DEFINE -DR_NO_REMAP -DSTRICT_R_HEADERS  -I/usr/local/include   -fvisibility=hidden -fpic  -g -O2 -Wall -pedantic -mtune=native -Werror=format-security -Wp,-D_FORTIFY_SOURCE=3 -fexceptions -fstack-protector-strong -fstack-clash-protection -fcf-protection -Werror=implicit-function-declaration -Wstrict-prototypes  -c cmark/houdini_html_e.c -o cmark/houdini_html_e.o
gcc -I"/opt/R/devel-gcc16/lib/R/include" -DNDEBUG -Icmark -I. -DCMARK_GFM_STATIC_DEFINE -DCMARK_GFM_EXTENSIONS_STATIC_DEFINE -DR_NO_REMAP -DSTRICT_R_HEADERS  -I/usr/local/include   -fvisibility=hidden -fpic  -g -O2 -Wall -pedantic -mtune=native -Werror=format-security -Wp,-D_FORTIFY_SOURCE=3 -fexceptions -fstack-protector-strong -fstack-clash-protection -fcf-protection -Werror=implicit-function-declaration -Wstrict-prototypes  -c cmark/houdini_html_u.c -o cmark/houdini_html_u.o
gcc -I"/opt/R/devel-gcc16/lib/R/include" -DNDEBUG -Icmark -I. -DCMARK_GFM_STATIC_DEFINE -DCMARK_GFM_EXTENSIONS_STATIC_DEFINE -DR_NO_REMAP -DSTRICT_R_HEADERS  -I/usr/local/include   -fvisibility=hidden -fpic  -g -O2 -Wall -pedantic -mtune=native -Werror=format-security -Wp,-D_FORTIFY_SOURCE=3 -fexceptions -fstack-protector-strong -fstack-clash-protection -fcf-protection -Werror=implicit-function-declaration -Wstrict-prototypes  -c cmark/cmark_ctype.c -o cmark/cmark_ctype.o
gcc -I"/opt/R/devel-gcc16/lib/R/include" -DNDEBUG -Icmark -I. -DCMARK_GFM_STATIC_DEFINE -DCMARK_GFM_EXTENSIONS_STATIC_DEFINE -DR_NO_REMAP -DSTRICT_R_HEADERS  -I/usr/local/include   -fvisibility=hidden -fpic  -g -O2 -Wall -pedantic -mtune=native -Werror=format-security -Wp,-D_FORTIFY_SOURCE=3 -fexceptions -fstack-protector-strong -fstack-clash-protection -fcf-protection -Werror=implicit-function-declaration -Wstrict-prototypes  -c cmark/arena.c -o cmark/arena.o
gcc -I"/opt/R/devel-gcc16/lib/R/include" -DNDEBUG -Icmark -I. -DCMARK_GFM_STATIC_DEFINE -DCMARK_GFM_EXTENSIONS_STATIC_DEFINE -DR_NO_REMAP -DSTRICT_R_HEADERS  -I/usr/local/include   -fvisibility=hidden -fpic  -g -O2 -Wall -pedantic -mtune=native -Werror=format-security -Wp,-D_FORTIFY_SOURCE=3 -fexceptions -fstack-protector-strong -fstack-clash-protection -fcf-protection -Werror=implicit-function-declaration -Wstrict-prototypes  -c cmark/linked_list.c -o cmark/linked_list.o
gcc -I"/opt/R/devel-gcc16/lib/R/include" -DNDEBUG -Icmark -I. -DCMARK_GFM_STATIC_DEFINE -DCMARK_GFM_EXTENSIONS_STATIC_DEFINE -DR_NO_REMAP -DSTRICT_R_HEADERS  -I/usr/local/include   -fvisibility=hidden -fpic  -g -O2 -Wall -pedantic -mtune=native -Werror=format-security -Wp,-D_FORTIFY_SOURCE=3 -fexceptions -fstack-protector-strong -fstack-clash-protection -fcf-protection -Werror=implicit-function-declaration -Wstrict-prototypes  -c cmark/plugin.c -o cmark/plugin.o
gcc -I"/opt/R/devel-gcc16/lib/R/include" -DNDEBUG -Icmark -I. -DCMARK_GFM_STATIC_DEFINE -DCMARK_GFM_EXTENSIONS_STATIC_DEFINE -DR_NO_REMAP -DSTRICT_R_HEADERS  -I/usr/local/include   -fvisibility=hidden -fpic  -g -O2 -Wall -pedantic -mtune=native -Werror=format-security -Wp,-D_FORTIFY_SOURCE=3 -fexceptions -fstack-protector-strong -fstack-clash-protection -fcf-protection -Werror=implicit-function-declaration -Wstrict-prototypes  -c cmark/registry.c -o cmark/registry.o
gcc -I"/opt/R/devel-gcc16/lib/R/include" -DNDEBUG -Icmark -I. -DCMARK_GFM_STATIC_DEFINE -DCMARK_GFM_EXTENSIONS_STATIC_DEFINE -DR_NO_REMAP -DSTRICT_R_HEADERS  -I/usr/local/include   -fvisibility=hidden -fpic  -g -O2 -Wall -pedantic -mtune=native -Werror=format-security -Wp,-D_FORTIFY_SOURCE=3 -fexceptions -fstack-protector-strong -fstack-clash-protection -fcf-protection -Werror=implicit-function-declaration -Wstrict-prototypes  -c cmark/syntax_extension.c -o cmark/syntax_extension.o
gcc -I"/opt/R/devel-gcc16/lib/R/include" -DNDEBUG -Icmark -I. -DCMARK_GFM_STATIC_DEFINE -DCMARK_GFM_EXTENSIONS_STATIC_DEFINE -DR_NO_REMAP -DSTRICT_R_HEADERS  -I/usr/local/include   -fvisibility=hidden -fpic  -g -O2 -Wall -pedantic -mtune=native -Werror=format-security -Wp,-D_FORTIFY_SOURCE=3 -fexceptions -fstack-protector-strong -fstack-clash-protection -fcf-protection -Werror=implicit-function-declaration -Wstrict-prototypes  -c cmark/plaintext.c -o cmark/plaintext.o
gcc -I"/opt/R/devel-gcc16/lib/R/include" -DNDEBUG -Icmark -I. -DCMARK_GFM_STATIC_DEFINE -DCMARK_GFM_EXTENSIONS_STATIC_DEFINE -DR_NO_REMAP -DSTRICT_R_HEADERS  -I/usr/local/include   -fvisibility=hidden -fpic  -g -O2 -Wall -pedantic -mtune=native -Werror=format-security -Wp,-D_FORTIFY_SOURCE=3 -fexceptions -fstack-protector-strong -fstack-clash-protection -fcf-protection -Werror=implicit-function-declaration -Wstrict-prototypes  -c cmark/footnotes.c -o cmark/footnotes.o
gcc -I"/opt/R/devel-gcc16/lib/R/include" -DNDEBUG -Icmark -I. -DCMARK_GFM_STATIC_DEFINE -DCMARK_GFM_EXTENSIONS_STATIC_DEFINE -DR_NO_REMAP -DSTRICT_R_HEADERS  -I/usr/local/include   -fvisibility=hidden -fpic  -g -O2 -Wall -pedantic -mtune=native -Werror=format-security -Wp,-D_FORTIFY_SOURCE=3 -fexceptions -fstack-protector-strong -fstack-clash-protection -fcf-protection -Werror=implicit-function-declaration -Wstrict-prototypes  -c cmark/map.c -o cmark/map.o
gcc -I"/opt/R/devel-gcc16/lib/R/include" -DNDEBUG -Icmark -I. -DCMARK_GFM_STATIC_DEFINE -DCMARK_GFM_EXTENSIONS_STATIC_DEFINE -DR_NO_REMAP -DSTRICT_R_HEADERS  -I/usr/local/include   -fvisibility=hidden -fpic  -g -O2 -Wall -pedantic -mtune=native -Werror=format-security -Wp,-D_FORTIFY_SOURCE=3 -fexceptions -fstack-protector-strong -fstack-clash-protection -fcf-protection -Werror=implicit-function-declaration -Wstrict-prototypes  -c extensions/autolink.c -o extensions/autolink.o
gcc -I"/opt/R/devel-gcc16/lib/R/include" -DNDEBUG -Icmark -I. -DCMARK_GFM_STATIC_DEFINE -DCMARK_GFM_EXTENSIONS_STATIC_DEFINE -DR_NO_REMAP -DSTRICT_R_HEADERS  -I/usr/local/include   -fvisibility=hidden -fpic  -g -O2 -Wall -pedantic -mtune=native -Werror=format-security -Wp,-D_FORTIFY_SOURCE=3 -fexceptions -fstack-protector-strong -fstack-clash-protection -fcf-protection -Werror=implicit-function-declaration -Wstrict-prototypes  -c extensions/core-extensions.c -o extensions/core-extensions.o
gcc -I"/opt/R/devel-gcc16/lib/R/include" -DNDEBUG -Icmark -I. -DCMARK_GFM_STATIC_DEFINE -DCMARK_GFM_EXTENSIONS_STATIC_DEFINE -DR_NO_REMAP -DSTRICT_R_HEADERS  -I/usr/local/include   -fvisibility=hidden -fpic  -g -O2 -Wall -pedantic -mtune=native -Werror=format-security -Wp,-D_FORTIFY_SOURCE=3 -fexceptions -fstack-protector-strong -fstack-clash-protection -fcf-protection -Werror=implicit-function-declaration -Wstrict-prototypes  -c extensions/ext_scanners.c -o extensions/ext_scanners.o
gcc -I"/opt/R/devel-gcc16/lib/R/include" -DNDEBUG -Icmark -I. -DCMARK_GFM_STATIC_DEFINE -DCMARK_GFM_EXTENSIONS_STATIC_DEFINE -DR_NO_REMAP -DSTRICT_R_HEADERS  -I/usr/local/include   -fvisibility=hidden -fpic  -g -O2 -Wall -pedantic -mtune=native -Werror=format-security -Wp,-D_FORTIFY_SOURCE=3 -fexceptions -fstack-protector-strong -fstack-clash-protection -fcf-protection -Werror=implicit-function-declaration -Wstrict-prototypes  -c extensions/strikethrough.c -o extensions/strikethrough.o
gcc -I"/opt/R/devel-gcc16/lib/R/include" -DNDEBUG -Icmark -I. -DCMARK_GFM_STATIC_DEFINE -DCMARK_GFM_EXTENSIONS_STATIC_DEFINE -DR_NO_REMAP -DSTRICT_R_HEADERS  -I/usr/local/include   -fvisibility=hidden -fpic  -g -O2 -Wall -pedantic -mtune=native -Werror=format-security -Wp,-D_FORTIFY_SOURCE=3 -fexceptions -fstack-protector-strong -fstack-clash-protection -fcf-protection -Werror=implicit-function-declaration -Wstrict-prototypes  -c extensions/table.c -o extensions/table.o
gcc -I"/opt/R/devel-gcc16/lib/R/include" -DNDEBUG -Icmark -I. -DCMARK_GFM_STATIC_DEFINE -DCMARK_GFM_EXTENSIONS_STATIC_DEFINE -DR_NO_REMAP -DSTRICT_R_HEADERS  -I/usr/local/include   -fvisibility=hidden -fpic  -g -O2 -Wall -pedantic -mtune=native -Werror=format-security -Wp,-D_FORTIFY_SOURCE=3 -fexceptions -fstack-protector-strong -fstack-clash-protection -fcf-protection -Werror=implicit-function-declaration -Wstrict-prototypes  -c extensions/tagfilter.c -o extensions/tagfilter.o
gcc -I"/opt/R/devel-gcc16/lib/R/include" -DNDEBUG -Icmark -I. -DCMARK_GFM_STATIC_DEFINE -DCMARK_GFM_EXTENSIONS_STATIC_DEFINE -DR_NO_REMAP -DSTRICT_R_HEADERS  -I/usr/local/include   -fvisibility=hidden -fpic  -g -O2 -Wall -pedantic -mtune=native -Werror=format-security -Wp,-D_FORTIFY_SOURCE=3 -fexceptions -fstack-protector-strong -fstack-clash-protection -fcf-protection -Werror=implicit-function-declaration -Wstrict-prototypes  -c extensions/tasklist.c -o extensions/tasklist.o
gcc -shared -L/opt/R/devel-gcc16/lib/R/lib -L/usr/local/lib -o commonmark.so extensions.o init.o wrapper.o -Lcmark -lstatcmark -L/opt/R/devel-gcc16/lib/R/lib -lR
installing to /cache/R_libs/00LOCK-commonmark/00new/commonmark/libs
** R
** byte-compile and prepare package for lazy loading
** help
*** installing help indices
  converting help for package ‘commonmark’
    finding HTML links ... done
    commonmark                              html  
    extensions                              html  
** building package indices
** testing if installed package can be loaded from temporary location
** checking absolute paths in shared objects and dynamic libraries
** testing if installed package can be loaded from final location
** testing if installed package keeps a record of temporary installation path
* DONE (commonmark)
* installing *source* package ‘xfun’ ...
** this is package ‘xfun’ version ‘0.60.1’
** using staged installation
** libs
using C compiler: ‘gcc (GCC) 16.1.1 20260501 (Red Hat 16.1.1-1)’
gcc -I"/opt/R/devel-gcc16/lib/R/include" -DNDEBUG   -I/usr/local/include    -fpic  -g -O2 -Wall -pedantic -mtune=native -Werror=format-security -Wp,-D_FORTIFY_SOURCE=3 -fexceptions -fstack-protector-strong -fstack-clash-protection -fcf-protection -Werror=implicit-function-declaration -Wstrict-prototypes  -c base64.c -o base64.o
gcc -I"/opt/R/devel-gcc16/lib/R/include" -DNDEBUG   -I/usr/local/include    -fpic  -g -O2 -Wall -pedantic -mtune=native -Werror=format-security -Wp,-D_FORTIFY_SOURCE=3 -fexceptions -fstack-protector-strong -fstack-clash-protection -fcf-protection -Werror=implicit-function-declaration -Wstrict-prototypes  -c init.c -o init.o
gcc -I"/opt/R/devel-gcc16/lib/R/include" -DNDEBUG   -I/usr/local/include    -fpic  -g -O2 -Wall -pedantic -mtune=native -Werror=format-security -Wp,-D_FORTIFY_SOURCE=3 -fexceptions -fstack-protector-strong -fstack-clash-protection -fcf-protection -Werror=implicit-function-declaration -Wstrict-prototypes  -c rand_lcg.c -o rand_lcg.o
gcc -shared -L/opt/R/devel-gcc16/lib/R/lib -L/usr/local/lib -o xfun.so base64.o init.o rand_lcg.o -L/opt/R/devel-gcc16/lib/R/lib -lR
installing to /cache/R_libs/00LOCK-xfun/00new/xfun/libs
** R
** inst
** byte-compile and prepare package for lazy loading
** help
*** installing help indices
  converting help for package ‘xfun’
    finding HTML links ... done
    Rscript                                 html  
    Rscript_call                            html  
    alnum_id                                html  
    attr2                                   html  
    base64_encode                           html  
    base64_uri                              html  
    base_pkgs                               html  
    bg_process                              html  
    broken_packages                         html  
    browser_dom                             html  
    browser_print                           html  
    bump_version                            html  
    cache_exec                              html  
    cache_rds                               html  
    crandalf_check                          html  
    csv_options                             html  
    decimal_dot                             html  
    del_empty_dir                           html  
    dir_create                              html  
    dir_exists                              html  
    divide_chunk                            html  
    do_once                                 html  
    download_cache                          html  
    download_file                           html  
    embed_file                              html  
    env_option                              html  
    existing_files                          html  
    exit_call                               html  
    fenced_block                            html  
    file_ext                                html  
    file_rename                             html  
    file_string                             html  
    find_globals                            html  
    format_bytes                            html  
    from_root                               html  
    github_releases                         html  
    grep_sub                                html  
    gsub_file                               html  
    html_tag                                html  
    in_dir                                  html  
    install_dir                             html  
    install_github                          html  
    is_R_CMD_check                          html  
    is_abs_path                             html  
    is_ascii                                html  
    is_blank                                html  
    is_sub_path                             html  
    is_web_path                             html  
    join_words                              html  
    lazy_save                               html  
    magic_path                              html  
    mark_dirs                               html  
    md5                                     html  
    md_table                                html  
    mime_type                               html  
    msg_cat                                 html  
    native_encode                           html  
    new_app                                 html  
    news2md                                 html  
    normalize_path                          html  
    numbers_to_words                        html  
    optipng                                 html  
    os                                      html  
    parse_only                              html  
    pkg_attach                              html  
    pkg_bib                                 html  
    post_release                            html  
    proc_kill                               html  
    process_file                            html  
    proj_root                               html  
    prose_index                             html  
    protect_math                            html  
    rand_unit                               html  
    random_port                             html  
    raw_string                              html  
    read_all                                html  
    read_bin                                html  
    read_utf8                               html  
    record                                  html  
    record_print                            html  
    relative_path                           html  
    rename_seq                              html  
    rest_api                                html  
    retry                                   html  
    rev_check                               html  
    rstudio_type                            html  
    same_path                               html  
    serve_dir                               html  
    session_info                            html  
    set_envvar                              html  
    shrink_images                           html  
    split_lines                             html  
    split_source                            html  
    str_wrap                                html  
    strict_list                             html  
    strip_html                              html  
    submit_cran                             html  
    system3                                 html  
    tabset                                  html  
    taml_load                               html  
    tinify                                  html  
    tojson                                  html  
    tree                                    html  
    try_error                               html  
    try_silent                              html  
    upload_ftp                              html  
    upload_imgur                            html  
    url_accessible                          html  
    url_destination                         html  
    url_filename                            html  
    valid_syntax                            html  
    yaml_body                               html  
    yaml_load                               html  
** building package indices
** installing vignettes
** testing if installed package can be loaded from temporary location
** checking absolute paths in shared objects and dynamic libraries
** testing if installed package can be loaded from final location
** testing if installed package keeps a record of temporary installation path
* DONE (xfun)
* installing *source* package ‘tinytest’ ...
** this is package ‘tinytest’ version ‘1.4.3’
** package ‘tinytest’ successfully unpacked and MD5 sums checked
** using staged installation
** R
** inst
** byte-compile and prepare package for lazy loading
** help
*** installing help indices
  converting help for package ‘tinytest’
    finding HTML links ... done
    at_home                                 html  
    build_install_test                      html  
    exit_file                               html  
    expect_equal                            html  
    expect_equal_to_reference               html  
    expect_length                           html  
    expect_match                            html  
    get_call_wd                             html  
    ignore                                  html  
    print.tinytest                          html  
    puppy                                   html  
    register_tinytest_extension             html  
    report_side_effects                     html  
    run_test_dir                            html  
    run_test_file                           html  
    setup_tinytest                          html  
    test_package                            html  
    tinytest                                html  
    tinytests                               html  
    using                                   html  
** building package indices
** installing vignettes
** testing if installed package can be loaded from temporary location
** testing if installed package can be loaded from final location
** testing if installed package keeps a record of temporary installation path
* DONE (tinytest)
* installing *source* package ‘rbibutils’ ...
** this is package ‘rbibutils’ version ‘2.4.1’
** package ‘rbibutils’ successfully unpacked and MD5 sums checked
** using staged installation
** libs
using C compiler: ‘gcc (GCC) 16.1.1 20260501 (Red Hat 16.1.1-1)’
gcc -I"/opt/R/devel-gcc16/lib/R/include" -DNDEBUG   -I/usr/local/include    -fpic  -g -O2 -Wall -pedantic -mtune=native -Werror=format-security -Wp,-D_FORTIFY_SOURCE=3 -fexceptions -fstack-protector-strong -fstack-clash-protection -fcf-protection -Werror=implicit-function-declaration -Wstrict-prototypes  -c adsout.c -o adsout.o
gcc -I"/opt/R/devel-gcc16/lib/R/include" -DNDEBUG   -I/usr/local/include    -fpic  -g -O2 -Wall -pedantic -mtune=native -Werror=format-security -Wp,-D_FORTIFY_SOURCE=3 -fexceptions -fstack-protector-strong -fstack-clash-protection -fcf-protection -Werror=implicit-function-declaration -Wstrict-prototypes  -c any2xml.c -o any2xml.o
gcc -I"/opt/R/devel-gcc16/lib/R/include" -DNDEBUG   -I/usr/local/include    -fpic  -g -O2 -Wall -pedantic -mtune=native -Werror=format-security -Wp,-D_FORTIFY_SOURCE=3 -fexceptions -fstack-protector-strong -fstack-clash-protection -fcf-protection -Werror=implicit-function-declaration -Wstrict-prototypes  -c args.c -o args.o
gcc -I"/opt/R/devel-gcc16/lib/R/include" -DNDEBUG   -I/usr/local/include    -fpic  -g -O2 -Wall -pedantic -mtune=native -Werror=format-security -Wp,-D_FORTIFY_SOURCE=3 -fexceptions -fstack-protector-strong -fstack-clash-protection -fcf-protection -Werror=implicit-function-declaration -Wstrict-prototypes  -c bib2be.c -o bib2be.o
gcc -I"/opt/R/devel-gcc16/lib/R/include" -DNDEBUG   -I/usr/local/include    -fpic  -g -O2 -Wall -pedantic -mtune=native -Werror=format-security -Wp,-D_FORTIFY_SOURCE=3 -fexceptions -fstack-protector-strong -fstack-clash-protection -fcf-protection -Werror=implicit-function-declaration -Wstrict-prototypes  -c bibcore.c -o bibcore.o
gcc -I"/opt/R/devel-gcc16/lib/R/include" -DNDEBUG   -I/usr/local/include    -fpic  -g -O2 -Wall -pedantic -mtune=native -Werror=format-security -Wp,-D_FORTIFY_SOURCE=3 -fexceptions -fstack-protector-strong -fstack-clash-protection -fcf-protection -Werror=implicit-function-declaration -Wstrict-prototypes  -c bibentrydirectout.c -o bibentrydirectout.o
gcc -I"/opt/R/devel-gcc16/lib/R/include" -DNDEBUG   -I/usr/local/include    -fpic  -g -O2 -Wall -pedantic -mtune=native -Werror=format-security -Wp,-D_FORTIFY_SOURCE=3 -fexceptions -fstack-protector-strong -fstack-clash-protection -fcf-protection -Werror=implicit-function-declaration -Wstrict-prototypes  -c bibentryout.c -o bibentryout.o
gcc -I"/opt/R/devel-gcc16/lib/R/include" -DNDEBUG   -I/usr/local/include    -fpic  -g -O2 -Wall -pedantic -mtune=native -Werror=format-security -Wp,-D_FORTIFY_SOURCE=3 -fexceptions -fstack-protector-strong -fstack-clash-protection -fcf-protection -Werror=implicit-function-declaration -Wstrict-prototypes  -c bibl.c -o bibl.o
gcc -I"/opt/R/devel-gcc16/lib/R/include" -DNDEBUG   -I/usr/local/include    -fpic  -g -O2 -Wall -pedantic -mtune=native -Werror=format-security -Wp,-D_FORTIFY_SOURCE=3 -fexceptions -fstack-protector-strong -fstack-clash-protection -fcf-protection -Werror=implicit-function-declaration -Wstrict-prototypes  -c biblatexin.c -o biblatexin.o
gcc -I"/opt/R/devel-gcc16/lib/R/include" -DNDEBUG   -I/usr/local/include    -fpic  -g -O2 -Wall -pedantic -mtune=native -Werror=format-security -Wp,-D_FORTIFY_SOURCE=3 -fexceptions -fstack-protector-strong -fstack-clash-protection -fcf-protection -Werror=implicit-function-declaration -Wstrict-prototypes  -c biblatexout.c -o biblatexout.o
gcc -I"/opt/R/devel-gcc16/lib/R/include" -DNDEBUG   -I/usr/local/include    -fpic  -g -O2 -Wall -pedantic -mtune=native -Werror=format-security -Wp,-D_FORTIFY_SOURCE=3 -fexceptions -fstack-protector-strong -fstack-clash-protection -fcf-protection -Werror=implicit-function-declaration -Wstrict-prototypes  -c bibprog.c -o bibprog.o
gcc -I"/opt/R/devel-gcc16/lib/R/include" -DNDEBUG   -I/usr/local/include    -fpic  -g -O2 -Wall -pedantic -mtune=native -Werror=format-security -Wp,-D_FORTIFY_SOURCE=3 -fexceptions -fstack-protector-strong -fstack-clash-protection -fcf-protection -Werror=implicit-function-declaration -Wstrict-prototypes  -c bibtexdirectin.c -o bibtexdirectin.o
gcc -I"/opt/R/devel-gcc16/lib/R/include" -DNDEBUG   -I/usr/local/include    -fpic  -g -O2 -Wall -pedantic -mtune=native -Werror=format-security -Wp,-D_FORTIFY_SOURCE=3 -fexceptions -fstack-protector-strong -fstack-clash-protection -fcf-protection -Werror=implicit-function-declaration -Wstrict-prototypes  -c bibtexin.c -o bibtexin.o
gcc -I"/opt/R/devel-gcc16/lib/R/include" -DNDEBUG   -I/usr/local/include    -fpic  -g -O2 -Wall -pedantic -mtune=native -Werror=format-security -Wp,-D_FORTIFY_SOURCE=3 -fexceptions -fstack-protector-strong -fstack-clash-protection -fcf-protection -Werror=implicit-function-declaration -Wstrict-prototypes  -c bibtexout.c -o bibtexout.o
gcc -I"/opt/R/devel-gcc16/lib/R/include" -DNDEBUG   -I/usr/local/include    -fpic  -g -O2 -Wall -pedantic -mtune=native -Werror=format-security -Wp,-D_FORTIFY_SOURCE=3 -fexceptions -fstack-protector-strong -fstack-clash-protection -fcf-protection -Werror=implicit-function-declaration -Wstrict-prototypes  -c bibtextypes.c -o bibtextypes.o
gcc -I"/opt/R/devel-gcc16/lib/R/include" -DNDEBUG   -I/usr/local/include    -fpic  -g -O2 -Wall -pedantic -mtune=native -Werror=format-security -Wp,-D_FORTIFY_SOURCE=3 -fexceptions -fstack-protector-strong -fstack-clash-protection -fcf-protection -Werror=implicit-function-declaration -Wstrict-prototypes  -c bibutils.c -o bibutils.o
gcc -I"/opt/R/devel-gcc16/lib/R/include" -DNDEBUG   -I/usr/local/include    -fpic  -g -O2 -Wall -pedantic -mtune=native -Werror=format-security -Wp,-D_FORTIFY_SOURCE=3 -fexceptions -fstack-protector-strong -fstack-clash-protection -fcf-protection -Werror=implicit-function-declaration -Wstrict-prototypes  -c bltypes.c -o bltypes.o
gcc -I"/opt/R/devel-gcc16/lib/R/include" -DNDEBUG   -I/usr/local/include    -fpic  -g -O2 -Wall -pedantic -mtune=native -Werror=format-security -Wp,-D_FORTIFY_SOURCE=3 -fexceptions -fstack-protector-strong -fstack-clash-protection -fcf-protection -Werror=implicit-function-declaration -Wstrict-prototypes  -c bu_auth.c -o bu_auth.o
gcc -I"/opt/R/devel-gcc16/lib/R/include" -DNDEBUG   -I/usr/local/include    -fpic  -g -O2 -Wall -pedantic -mtune=native -Werror=format-security -Wp,-D_FORTIFY_SOURCE=3 -fexceptions -fstack-protector-strong -fstack-clash-protection -fcf-protection -Werror=implicit-function-declaration -Wstrict-prototypes  -c charsets.c -o charsets.o
gcc -I"/opt/R/devel-gcc16/lib/R/include" -DNDEBUG   -I/usr/local/include    -fpic  -g -O2 -Wall -pedantic -mtune=native -Werror=format-security -Wp,-D_FORTIFY_SOURCE=3 -fexceptions -fstack-protector-strong -fstack-clash-protection -fcf-protection -Werror=implicit-function-declaration -Wstrict-prototypes  -c common_be_bed.c -o common_be_bed.o
common_be_bed.c: In function ‘name_build_bibentry_direct’:
common_be_bed.c:36:24: warning: variable ‘nch’ set but not used [-Wunused-but-set-variable=]
   36 |         int nseps = 0, nch;
      |                        ^~~
gcc -I"/opt/R/devel-gcc16/lib/R/include" -DNDEBUG   -I/usr/local/include    -fpic  -g -O2 -Wall -pedantic -mtune=native -Werror=format-security -Wp,-D_FORTIFY_SOURCE=3 -fexceptions -fstack-protector-strong -fstack-clash-protection -fcf-protection -Werror=implicit-function-declaration -Wstrict-prototypes  -c common_bt_blt_btd_out.c -o common_bt_blt_btd_out.o
gcc -I"/opt/R/devel-gcc16/lib/R/include" -DNDEBUG   -I/usr/local/include    -fpic  -g -O2 -Wall -pedantic -mtune=native -Werror=format-security -Wp,-D_FORTIFY_SOURCE=3 -fexceptions -fstack-protector-strong -fstack-clash-protection -fcf-protection -Werror=implicit-function-declaration -Wstrict-prototypes  -c common_bt_btd.c -o common_bt_btd.o
gcc -I"/opt/R/devel-gcc16/lib/R/include" -DNDEBUG   -I/usr/local/include    -fpic  -g -O2 -Wall -pedantic -mtune=native -Werror=format-security -Wp,-D_FORTIFY_SOURCE=3 -fexceptions -fstack-protector-strong -fstack-clash-protection -fcf-protection -Werror=implicit-function-declaration -Wstrict-prototypes  -c common_bt_btd_blt.c -o common_bt_btd_blt.o
gcc -I"/opt/R/devel-gcc16/lib/R/include" -DNDEBUG   -I/usr/local/include    -fpic  -g -O2 -Wall -pedantic -mtune=native -Werror=format-security -Wp,-D_FORTIFY_SOURCE=3 -fexceptions -fstack-protector-strong -fstack-clash-protection -fcf-protection -Werror=implicit-function-declaration -Wstrict-prototypes  -c common_bt_btd_out.c -o common_bt_btd_out.o
gcc -I"/opt/R/devel-gcc16/lib/R/include" -DNDEBUG   -I/usr/local/include    -fpic  -g -O2 -Wall -pedantic -mtune=native -Werror=format-security -Wp,-D_FORTIFY_SOURCE=3 -fexceptions -fstack-protector-strong -fstack-clash-protection -fcf-protection -Werror=implicit-function-declaration -Wstrict-prototypes  -c common_most.c -o common_most.o
gcc -I"/opt/R/devel-gcc16/lib/R/include" -DNDEBUG   -I/usr/local/include    -fpic  -g -O2 -Wall -pedantic -mtune=native -Werror=format-security -Wp,-D_FORTIFY_SOURCE=3 -fexceptions -fstack-protector-strong -fstack-clash-protection -fcf-protection -Werror=implicit-function-declaration -Wstrict-prototypes  -c copacin.c -o copacin.o
gcc -I"/opt/R/devel-gcc16/lib/R/include" -DNDEBUG   -I/usr/local/include    -fpic  -g -O2 -Wall -pedantic -mtune=native -Werror=format-security -Wp,-D_FORTIFY_SOURCE=3 -fexceptions -fstack-protector-strong -fstack-clash-protection -fcf-protection -Werror=implicit-function-declaration -Wstrict-prototypes  -c copactypes.c -o copactypes.o
gcc -I"/opt/R/devel-gcc16/lib/R/include" -DNDEBUG   -I/usr/local/include    -fpic  -g -O2 -Wall -pedantic -mtune=native -Werror=format-security -Wp,-D_FORTIFY_SOURCE=3 -fexceptions -fstack-protector-strong -fstack-clash-protection -fcf-protection -Werror=implicit-function-declaration -Wstrict-prototypes  -c ebiin.c -o ebiin.o
gcc -I"/opt/R/devel-gcc16/lib/R/include" -DNDEBUG   -I/usr/local/include    -fpic  -g -O2 -Wall -pedantic -mtune=native -Werror=format-security -Wp,-D_FORTIFY_SOURCE=3 -fexceptions -fstack-protector-strong -fstack-clash-protection -fcf-protection -Werror=implicit-function-declaration -Wstrict-prototypes  -c endin.c -o endin.o
gcc -I"/opt/R/devel-gcc16/lib/R/include" -DNDEBUG   -I/usr/local/include    -fpic  -g -O2 -Wall -pedantic -mtune=native -Werror=format-security -Wp,-D_FORTIFY_SOURCE=3 -fexceptions -fstack-protector-strong -fstack-clash-protection -fcf-protection -Werror=implicit-function-declaration -Wstrict-prototypes  -c endout.c -o endout.o
gcc -I"/opt/R/devel-gcc16/lib/R/include" -DNDEBUG   -I/usr/local/include    -fpic  -g -O2 -Wall -pedantic -mtune=native -Werror=format-security -Wp,-D_FORTIFY_SOURCE=3 -fexceptions -fstack-protector-strong -fstack-clash-protection -fcf-protection -Werror=implicit-function-declaration -Wstrict-prototypes  -c endtypes.c -o endtypes.o
gcc -I"/opt/R/devel-gcc16/lib/R/include" -DNDEBUG   -I/usr/local/include    -fpic  -g -O2 -Wall -pedantic -mtune=native -Werror=format-security -Wp,-D_FORTIFY_SOURCE=3 -fexceptions -fstack-protector-strong -fstack-clash-protection -fcf-protection -Werror=implicit-function-declaration -Wstrict-prototypes  -c endxmlin.c -o endxmlin.o
gcc -I"/opt/R/devel-gcc16/lib/R/include" -DNDEBUG   -I/usr/local/include    -fpic  -g -O2 -Wall -pedantic -mtune=native -Werror=format-security -Wp,-D_FORTIFY_SOURCE=3 -fexceptions -fstack-protector-strong -fstack-clash-protection -fcf-protection -Werror=implicit-function-declaration -Wstrict-prototypes  -c entities.c -o entities.o
gcc -I"/opt/R/devel-gcc16/lib/R/include" -DNDEBUG   -I/usr/local/include    -fpic  -g -O2 -Wall -pedantic -mtune=native -Werror=format-security -Wp,-D_FORTIFY_SOURCE=3 -fexceptions -fstack-protector-strong -fstack-clash-protection -fcf-protection -Werror=implicit-function-declaration -Wstrict-prototypes  -c fields.c -o fields.o
gcc -I"/opt/R/devel-gcc16/lib/R/include" -DNDEBUG   -I/usr/local/include    -fpic  -g -O2 -Wall -pedantic -mtune=native -Werror=format-security -Wp,-D_FORTIFY_SOURCE=3 -fexceptions -fstack-protector-strong -fstack-clash-protection -fcf-protection -Werror=implicit-function-declaration -Wstrict-prototypes  -c gb18030.c -o gb18030.o
gcc -I"/opt/R/devel-gcc16/lib/R/include" -DNDEBUG   -I/usr/local/include    -fpic  -g -O2 -Wall -pedantic -mtune=native -Werror=format-security -Wp,-D_FORTIFY_SOURCE=3 -fexceptions -fstack-protector-strong -fstack-clash-protection -fcf-protection -Werror=implicit-function-declaration -Wstrict-prototypes  -c generic.c -o generic.o
gcc -I"/opt/R/devel-gcc16/lib/R/include" -DNDEBUG   -I/usr/local/include    -fpic  -g -O2 -Wall -pedantic -mtune=native -Werror=format-security -Wp,-D_FORTIFY_SOURCE=3 -fexceptions -fstack-protector-strong -fstack-clash-protection -fcf-protection -Werror=implicit-function-declaration -Wstrict-prototypes  -c init.c -o init.o
gcc -I"/opt/R/devel-gcc16/lib/R/include" -DNDEBUG   -I/usr/local/include    -fpic  -g -O2 -Wall -pedantic -mtune=native -Werror=format-security -Wp,-D_FORTIFY_SOURCE=3 -fexceptions -fstack-protector-strong -fstack-clash-protection -fcf-protection -Werror=implicit-function-declaration -Wstrict-prototypes  -c intlist.c -o intlist.o
intlist.c:27:1: warning: ‘intlist_validn’ defined but not used [-Wunused-function]
   27 | intlist_validn( intlist *il, int n )
      | ^~~~~~~~~~~~~~
gcc -I"/opt/R/devel-gcc16/lib/R/include" -DNDEBUG   -I/usr/local/include    -fpic  -g -O2 -Wall -pedantic -mtune=native -Werror=format-security -Wp,-D_FORTIFY_SOURCE=3 -fexceptions -fstack-protector-strong -fstack-clash-protection -fcf-protection -Werror=implicit-function-declaration -Wstrict-prototypes  -c is_ws.c -o is_ws.o
gcc -I"/opt/R/devel-gcc16/lib/R/include" -DNDEBUG   -I/usr/local/include    -fpic  -g -O2 -Wall -pedantic -mtune=native -Werror=format-security -Wp,-D_FORTIFY_SOURCE=3 -fexceptions -fstack-protector-strong -fstack-clash-protection -fcf-protection -Werror=implicit-function-declaration -Wstrict-prototypes  -c isiin.c -o isiin.o
gcc -I"/opt/R/devel-gcc16/lib/R/include" -DNDEBUG   -I/usr/local/include    -fpic  -g -O2 -Wall -pedantic -mtune=native -Werror=format-security -Wp,-D_FORTIFY_SOURCE=3 -fexceptions -fstack-protector-strong -fstack-clash-protection -fcf-protection -Werror=implicit-function-declaration -Wstrict-prototypes  -c isiout.c -o isiout.o
gcc -I"/opt/R/devel-gcc16/lib/R/include" -DNDEBUG   -I/usr/local/include    -fpic  -g -O2 -Wall -pedantic -mtune=native -Werror=format-security -Wp,-D_FORTIFY_SOURCE=3 -fexceptions -fstack-protector-strong -fstack-clash-protection -fcf-protection -Werror=implicit-function-declaration -Wstrict-prototypes  -c isitypes.c -o isitypes.o
gcc -I"/opt/R/devel-gcc16/lib/R/include" -DNDEBUG   -I/usr/local/include    -fpic  -g -O2 -Wall -pedantic -mtune=native -Werror=format-security -Wp,-D_FORTIFY_SOURCE=3 -fexceptions -fstack-protector-strong -fstack-clash-protection -fcf-protection -Werror=implicit-function-declaration -Wstrict-prototypes  -c iso639_1.c -o iso639_1.o
gcc -I"/opt/R/devel-gcc16/lib/R/include" -DNDEBUG   -I/usr/local/include    -fpic  -g -O2 -Wall -pedantic -mtune=native -Werror=format-security -Wp,-D_FORTIFY_SOURCE=3 -fexceptions -fstack-protector-strong -fstack-clash-protection -fcf-protection -Werror=implicit-function-declaration -Wstrict-prototypes  -c iso639_2.c -o iso639_2.o
gcc -I"/opt/R/devel-gcc16/lib/R/include" -DNDEBUG   -I/usr/local/include    -fpic  -g -O2 -Wall -pedantic -mtune=native -Werror=format-security -Wp,-D_FORTIFY_SOURCE=3 -fexceptions -fstack-protector-strong -fstack-clash-protection -fcf-protection -Werror=implicit-function-declaration -Wstrict-prototypes  -c iso639_3.c -o iso639_3.o
gcc -I"/opt/R/devel-gcc16/lib/R/include" -DNDEBUG   -I/usr/local/include    -fpic  -g -O2 -Wall -pedantic -mtune=native -Werror=format-security -Wp,-D_FORTIFY_SOURCE=3 -fexceptions -fstack-protector-strong -fstack-clash-protection -fcf-protection -Werror=implicit-function-declaration -Wstrict-prototypes  -c latex.c -o latex.o
gcc -I"/opt/R/devel-gcc16/lib/R/include" -DNDEBUG   -I/usr/local/include    -fpic  -g -O2 -Wall -pedantic -mtune=native -Werror=format-security -Wp,-D_FORTIFY_SOURCE=3 -fexceptions -fstack-protector-strong -fstack-clash-protection -fcf-protection -Werror=implicit-function-declaration -Wstrict-prototypes  -c latex_parse.c -o latex_parse.o
gcc -I"/opt/R/devel-gcc16/lib/R/include" -DNDEBUG   -I/usr/local/include    -fpic  -g -O2 -Wall -pedantic -mtune=native -Werror=format-security -Wp,-D_FORTIFY_SOURCE=3 -fexceptions -fstack-protector-strong -fstack-clash-protection -fcf-protection -Werror=implicit-function-declaration -Wstrict-prototypes  -c marc_auth.c -o marc_auth.o
gcc -I"/opt/R/devel-gcc16/lib/R/include" -DNDEBUG   -I/usr/local/include    -fpic  -g -O2 -Wall -pedantic -mtune=native -Werror=format-security -Wp,-D_FORTIFY_SOURCE=3 -fexceptions -fstack-protector-strong -fstack-clash-protection -fcf-protection -Werror=implicit-function-declaration -Wstrict-prototypes  -c medin.c -o medin.o
gcc -I"/opt/R/devel-gcc16/lib/R/include" -DNDEBUG   -I/usr/local/include    -fpic  -g -O2 -Wall -pedantic -mtune=native -Werror=format-security -Wp,-D_FORTIFY_SOURCE=3 -fexceptions -fstack-protector-strong -fstack-clash-protection -fcf-protection -Werror=implicit-function-declaration -Wstrict-prototypes  -c modsin.c -o modsin.o
gcc -I"/opt/R/devel-gcc16/lib/R/include" -DNDEBUG   -I/usr/local/include    -fpic  -g -O2 -Wall -pedantic -mtune=native -Werror=format-security -Wp,-D_FORTIFY_SOURCE=3 -fexceptions -fstack-protector-strong -fstack-clash-protection -fcf-protection -Werror=implicit-function-declaration -Wstrict-prototypes  -c modsout.c -o modsout.o
gcc -I"/opt/R/devel-gcc16/lib/R/include" -DNDEBUG   -I/usr/local/include    -fpic  -g -O2 -Wall -pedantic -mtune=native -Werror=format-security -Wp,-D_FORTIFY_SOURCE=3 -fexceptions -fstack-protector-strong -fstack-clash-protection -fcf-protection -Werror=implicit-function-declaration -Wstrict-prototypes  -c modstypes.c -o modstypes.o
gcc -I"/opt/R/devel-gcc16/lib/R/include" -DNDEBUG   -I/usr/local/include    -fpic  -g -O2 -Wall -pedantic -mtune=native -Werror=format-security -Wp,-D_FORTIFY_SOURCE=3 -fexceptions -fstack-protector-strong -fstack-clash-protection -fcf-protection -Werror=implicit-function-declaration -Wstrict-prototypes  -c name.c -o name.o
gcc -I"/opt/R/devel-gcc16/lib/R/include" -DNDEBUG   -I/usr/local/include    -fpic  -g -O2 -Wall -pedantic -mtune=native -Werror=format-security -Wp,-D_FORTIFY_SOURCE=3 -fexceptions -fstack-protector-strong -fstack-clash-protection -fcf-protection -Werror=implicit-function-declaration -Wstrict-prototypes  -c nbibin.c -o nbibin.o
gcc -I"/opt/R/devel-gcc16/lib/R/include" -DNDEBUG   -I/usr/local/include    -fpic  -g -O2 -Wall -pedantic -mtune=native -Werror=format-security -Wp,-D_FORTIFY_SOURCE=3 -fexceptions -fstack-protector-strong -fstack-clash-protection -fcf-protection -Werror=implicit-function-declaration -Wstrict-prototypes  -c nbibout.c -o nbibout.o
gcc -I"/opt/R/devel-gcc16/lib/R/include" -DNDEBUG   -I/usr/local/include    -fpic  -g -O2 -Wall -pedantic -mtune=native -Werror=format-security -Wp,-D_FORTIFY_SOURCE=3 -fexceptions -fstack-protector-strong -fstack-clash-protection -fcf-protection -Werror=implicit-function-declaration -Wstrict-prototypes  -c nbibtypes.c -o nbibtypes.o
gcc -I"/opt/R/devel-gcc16/lib/R/include" -DNDEBUG   -I/usr/local/include    -fpic  -g -O2 -Wall -pedantic -mtune=native -Werror=format-security -Wp,-D_FORTIFY_SOURCE=3 -fexceptions -fstack-protector-strong -fstack-clash-protection -fcf-protection -Werror=implicit-function-declaration -Wstrict-prototypes  -c notes.c -o notes.o
gcc -I"/opt/R/devel-gcc16/lib/R/include" -DNDEBUG   -I/usr/local/include    -fpic  -g -O2 -Wall -pedantic -mtune=native -Werror=format-security -Wp,-D_FORTIFY_SOURCE=3 -fexceptions -fstack-protector-strong -fstack-clash-protection -fcf-protection -Werror=implicit-function-declaration -Wstrict-prototypes  -c pages.c -o pages.o
gcc -I"/opt/R/devel-gcc16/lib/R/include" -DNDEBUG   -I/usr/local/include    -fpic  -g -O2 -Wall -pedantic -mtune=native -Werror=format-security -Wp,-D_FORTIFY_SOURCE=3 -fexceptions -fstack-protector-strong -fstack-clash-protection -fcf-protection -Werror=implicit-function-declaration -Wstrict-prototypes  -c reftypes.c -o reftypes.o
gcc -I"/opt/R/devel-gcc16/lib/R/include" -DNDEBUG   -I/usr/local/include    -fpic  -g -O2 -Wall -pedantic -mtune=native -Werror=format-security -Wp,-D_FORTIFY_SOURCE=3 -fexceptions -fstack-protector-strong -fstack-clash-protection -fcf-protection -Werror=implicit-function-declaration -Wstrict-prototypes  -c risin.c -o risin.o
gcc -I"/opt/R/devel-gcc16/lib/R/include" -DNDEBUG   -I/usr/local/include    -fpic  -g -O2 -Wall -pedantic -mtune=native -Werror=format-security -Wp,-D_FORTIFY_SOURCE=3 -fexceptions -fstack-protector-strong -fstack-clash-protection -fcf-protection -Werror=implicit-function-declaration -Wstrict-prototypes  -c risout.c -o risout.o
gcc -I"/opt/R/devel-gcc16/lib/R/include" -DNDEBUG   -I/usr/local/include    -fpic  -g -O2 -Wall -pedantic -mtune=native -Werror=format-security -Wp,-D_FORTIFY_SOURCE=3 -fexceptions -fstack-protector-strong -fstack-clash-protection -fcf-protection -Werror=implicit-function-declaration -Wstrict-prototypes  -c ristypes.c -o ristypes.o
gcc -I"/opt/R/devel-gcc16/lib/R/include" -DNDEBUG   -I/usr/local/include    -fpic  -g -O2 -Wall -pedantic -mtune=native -Werror=format-security -Wp,-D_FORTIFY_SOURCE=3 -fexceptions -fstack-protector-strong -fstack-clash-protection -fcf-protection -Werror=implicit-function-declaration -Wstrict-prototypes  -c serialno.c -o serialno.o
gcc -I"/opt/R/devel-gcc16/lib/R/include" -DNDEBUG   -I/usr/local/include    -fpic  -g -O2 -Wall -pedantic -mtune=native -Werror=format-security -Wp,-D_FORTIFY_SOURCE=3 -fexceptions -fstack-protector-strong -fstack-clash-protection -fcf-protection -Werror=implicit-function-declaration -Wstrict-prototypes  -c slist.c -o slist.o
gcc -I"/opt/R/devel-gcc16/lib/R/include" -DNDEBUG   -I/usr/local/include    -fpic  -g -O2 -Wall -pedantic -mtune=native -Werror=format-security -Wp,-D_FORTIFY_SOURCE=3 -fexceptions -fstack-protector-strong -fstack-clash-protection -fcf-protection -Werror=implicit-function-declaration -Wstrict-prototypes  -c str.c -o str.o
gcc -I"/opt/R/devel-gcc16/lib/R/include" -DNDEBUG   -I/usr/local/include    -fpic  -g -O2 -Wall -pedantic -mtune=native -Werror=format-security -Wp,-D_FORTIFY_SOURCE=3 -fexceptions -fstack-protector-strong -fstack-clash-protection -fcf-protection -Werror=implicit-function-declaration -Wstrict-prototypes  -c str_conv.c -o str_conv.o
gcc -I"/opt/R/devel-gcc16/lib/R/include" -DNDEBUG   -I/usr/local/include    -fpic  -g -O2 -Wall -pedantic -mtune=native -Werror=format-security -Wp,-D_FORTIFY_SOURCE=3 -fexceptions -fstack-protector-strong -fstack-clash-protection -fcf-protection -Werror=implicit-function-declaration -Wstrict-prototypes  -c strsearch.c -o strsearch.o
gcc -I"/opt/R/devel-gcc16/lib/R/include" -DNDEBUG   -I/usr/local/include    -fpic  -g -O2 -Wall -pedantic -mtune=native -Werror=format-security -Wp,-D_FORTIFY_SOURCE=3 -fexceptions -fstack-protector-strong -fstack-clash-protection -fcf-protection -Werror=implicit-function-declaration -Wstrict-prototypes  -c title.c -o title.o
gcc -I"/opt/R/devel-gcc16/lib/R/include" -DNDEBUG   -I/usr/local/include    -fpic  -g -O2 -Wall -pedantic -mtune=native -Werror=format-security -Wp,-D_FORTIFY_SOURCE=3 -fexceptions -fstack-protector-strong -fstack-clash-protection -fcf-protection -Werror=implicit-function-declaration -Wstrict-prototypes  -c tomods.c -o tomods.o
gcc -I"/opt/R/devel-gcc16/lib/R/include" -DNDEBUG   -I/usr/local/include    -fpic  -g -O2 -Wall -pedantic -mtune=native -Werror=format-security -Wp,-D_FORTIFY_SOURCE=3 -fexceptions -fstack-protector-strong -fstack-clash-protection -fcf-protection -Werror=implicit-function-declaration -Wstrict-prototypes  -c type.c -o type.o
gcc -I"/opt/R/devel-gcc16/lib/R/include" -DNDEBUG   -I/usr/local/include    -fpic  -g -O2 -Wall -pedantic -mtune=native -Werror=format-security -Wp,-D_FORTIFY_SOURCE=3 -fexceptions -fstack-protector-strong -fstack-clash-protection -fcf-protection -Werror=implicit-function-declaration -Wstrict-prototypes  -c unicode.c -o unicode.o
gcc -I"/opt/R/devel-gcc16/lib/R/include" -DNDEBUG   -I/usr/local/include    -fpic  -g -O2 -Wall -pedantic -mtune=native -Werror=format-security -Wp,-D_FORTIFY_SOURCE=3 -fexceptions -fstack-protector-strong -fstack-clash-protection -fcf-protection -Werror=implicit-function-declaration -Wstrict-prototypes  -c url.c -o url.o
gcc -I"/opt/R/devel-gcc16/lib/R/include" -DNDEBUG   -I/usr/local/include    -fpic  -g -O2 -Wall -pedantic -mtune=native -Werror=format-security -Wp,-D_FORTIFY_SOURCE=3 -fexceptions -fstack-protector-strong -fstack-clash-protection -fcf-protection -Werror=implicit-function-declaration -Wstrict-prototypes  -c utf8.c -o utf8.o
gcc -I"/opt/R/devel-gcc16/lib/R/include" -DNDEBUG   -I/usr/local/include    -fpic  -g -O2 -Wall -pedantic -mtune=native -Werror=format-security -Wp,-D_FORTIFY_SOURCE=3 -fexceptions -fstack-protector-strong -fstack-clash-protection -fcf-protection -Werror=implicit-function-declaration -Wstrict-prototypes  -c vplist.c -o vplist.o
gcc -I"/opt/R/devel-gcc16/lib/R/include" -DNDEBUG   -I/usr/local/include    -fpic  -g -O2 -Wall -pedantic -mtune=native -Werror=format-security -Wp,-D_FORTIFY_SOURCE=3 -fexceptions -fstack-protector-strong -fstack-clash-protection -fcf-protection -Werror=implicit-function-declaration -Wstrict-prototypes  -c wordin.c -o wordin.o
gcc -I"/opt/R/devel-gcc16/lib/R/include" -DNDEBUG   -I/usr/local/include    -fpic  -g -O2 -Wall -pedantic -mtune=native -Werror=format-security -Wp,-D_FORTIFY_SOURCE=3 -fexceptions -fstack-protector-strong -fstack-clash-protection -fcf-protection -Werror=implicit-function-declaration -Wstrict-prototypes  -c wordout.c -o wordout.o
gcc -I"/opt/R/devel-gcc16/lib/R/include" -DNDEBUG   -I/usr/local/include    -fpic  -g -O2 -Wall -pedantic -mtune=native -Werror=format-security -Wp,-D_FORTIFY_SOURCE=3 -fexceptions -fstack-protector-strong -fstack-clash-protection -fcf-protection -Werror=implicit-function-declaration -Wstrict-prototypes  -c xml.c -o xml.o
gcc -I"/opt/R/devel-gcc16/lib/R/include" -DNDEBUG   -I/usr/local/include    -fpic  -g -O2 -Wall -pedantic -mtune=native -Werror=format-security -Wp,-D_FORTIFY_SOURCE=3 -fexceptions -fstack-protector-strong -fstack-clash-protection -fcf-protection -Werror=implicit-function-declaration -Wstrict-prototypes  -c xml2any.c -o xml2any.o
gcc -I"/opt/R/devel-gcc16/lib/R/include" -DNDEBUG   -I/usr/local/include    -fpic  -g -O2 -Wall -pedantic -mtune=native -Werror=format-security -Wp,-D_FORTIFY_SOURCE=3 -fexceptions -fstack-protector-strong -fstack-clash-protection -fcf-protection -Werror=implicit-function-declaration -Wstrict-prototypes  -c xml_encoding.c -o xml_encoding.o
gcc -shared -L/opt/R/devel-gcc16/lib/R/lib -L/usr/local/lib -o rbibutils.so adsout.o any2xml.o args.o bib2be.o bibcore.o bibentrydirectout.o bibentryout.o bibl.o biblatexin.o biblatexout.o bibprog.o bibtexdirectin.o bibtexin.o bibtexout.o bibtextypes.o bibutils.o bltypes.o bu_auth.o charsets.o common_be_bed.o common_bt_blt_btd_out.o common_bt_btd.o common_bt_btd_blt.o common_bt_btd_out.o common_most.o copacin.o copactypes.o ebiin.o endin.o endout.o endtypes.o endxmlin.o entities.o fields.o gb18030.o generic.o init.o intlist.o is_ws.o isiin.o isiout.o isitypes.o iso639_1.o iso639_2.o iso639_3.o latex.o latex_parse.o marc_auth.o medin.o modsin.o modsout.o modstypes.o name.o nbibin.o nbibout.o nbibtypes.o notes.o pages.o reftypes.o risin.o risout.o ristypes.o serialno.o slist.o str.o str_conv.o strsearch.o title.o tomods.o type.o unicode.o url.o utf8.o vplist.o wordin.o wordout.o xml.o xml2any.o xml_encoding.o -L/opt/R/devel-gcc16/lib/R/lib -lR
installing to /cache/R_libs/00LOCK-rbibutils/00new/rbibutils/libs
** R
** inst
** byte-compile and prepare package for lazy loading
** help
*** installing help indices
  converting help for package ‘rbibutils’
    finding HTML links ... done
    bibConvert                              html  
    bibentryExtra                           html  
    bibstyle_JSSextra                       html  
    rbibutils-package                       html  
    rbibutils_formats                       html  
    readBib                                 html  
    readBibentry                            html  
** building package indices
** installing vignettes
** testing if installed package can be loaded from temporary location
** checking absolute paths in shared objects and dynamic libraries
** testing if installed package can be loaded from final location
** testing if installed package keeps a record of temporary installation path
* DONE (rbibutils)
* installing *source* package ‘litedown’ ...
** this is package ‘litedown’ version ‘0.10.1’
** using staged installation
** R
** inst
** byte-compile and prepare package for lazy loading
** help
*** installing help indices
    finding HTML links ...  converting help for package ‘litedown’
 done
    crack                                   html  
    engines                                 html  
    fuse_book                               html  
    fuse_env                                html  
    fuse_exit                               html  
    fuse_site                               html  
    get_context                             html  
    html_format                             html  
    litedown-package                        html  
    mark                                    html  
    markdown_options                        html  
    pkg_desc                                html  
    raw_text                                html  
    reactor                                 html  
    roam                                    html  
    smartypants                             html  
    timing_data                             html  
    vest                                    html  
** building package indices
** installing vignettes
** testing if installed package can be loaded from temporary location
** testing if installed package can be loaded from final location
** testing if installed package keeps a record of temporary installation path
* DONE (litedown)

The downloaded source packages are in
	‘/tmp/Rtmpw7B3rW/downloaded_packages’
Warning message:
package ‘later2’ is not available for this version of R

A version of this package for your version of R might be available elsewhere,
see the ideas at
https://cran.r-project.org/doc/manuals/r-devel/R-admin.html#Installing-packages 
trying URL 'https://cloud.r-project.org/src/contrib/curl_7.1.0.tar.gz'
Content type 'application/x-gzip' length 717725 bytes (700 KB)
==================================================
downloaded 700 KB

* installing *source* package ‘curl’ ...
** this is package ‘curl’ version ‘7.1.0’
** package ‘curl’ successfully unpacked and MD5 sums checked
** using staged installation
Found pkg-config cflags and libs!
Using PKG_CFLAGS=-DWITH_GZFILEOP
Using PKG_LIBS=-lcurl
** libs
using C compiler: ‘gcc (GCC) 16.1.1 20260501 (Red Hat 16.1.1-1)’
gcc -I"/opt/R/devel-gcc16/lib/R/include" -DNDEBUG -DWITH_GZFILEOP -DSTRICT_R_HEADERS -DR_NO_REMAP  -I/usr/local/include   -fvisibility=hidden -fpic  -g -O2 -Wall -pedantic -mtune=native -Werror=format-security -Wp,-D_FORTIFY_SOURCE=3 -fexceptions -fstack-protector-strong -fstack-clash-protection -fcf-protection -Werror=implicit-function-declaration -Wstrict-prototypes  -c callbacks.c -o callbacks.o
gcc -I"/opt/R/devel-gcc16/lib/R/include" -DNDEBUG -DWITH_GZFILEOP -DSTRICT_R_HEADERS -DR_NO_REMAP  -I/usr/local/include   -fvisibility=hidden -fpic  -g -O2 -Wall -pedantic -mtune=native -Werror=format-security -Wp,-D_FORTIFY_SOURCE=3 -fexceptions -fstack-protector-strong -fstack-clash-protection -fcf-protection -Werror=implicit-function-declaration -Wstrict-prototypes  -c curl.c -o curl.o
gcc -I"/opt/R/devel-gcc16/lib/R/include" -DNDEBUG -DWITH_GZFILEOP -DSTRICT_R_HEADERS -DR_NO_REMAP  -I/usr/local/include   -fvisibility=hidden -fpic  -g -O2 -Wall -pedantic -mtune=native -Werror=format-security -Wp,-D_FORTIFY_SOURCE=3 -fexceptions -fstack-protector-strong -fstack-clash-protection -fcf-protection -Werror=implicit-function-declaration -Wstrict-prototypes  -c download.c -o download.o
gcc -I"/opt/R/devel-gcc16/lib/R/include" -DNDEBUG -DWITH_GZFILEOP -DSTRICT_R_HEADERS -DR_NO_REMAP  -I/usr/local/include   -fvisibility=hidden -fpic  -g -O2 -Wall -pedantic -mtune=native -Werror=format-security -Wp,-D_FORTIFY_SOURCE=3 -fexceptions -fstack-protector-strong -fstack-clash-protection -fcf-protection -Werror=implicit-function-declaration -Wstrict-prototypes  -c dryrun.c -o dryrun.o
gcc -I"/opt/R/devel-gcc16/lib/R/include" -DNDEBUG -DWITH_GZFILEOP -DSTRICT_R_HEADERS -DR_NO_REMAP  -I/usr/local/include   -fvisibility=hidden -fpic  -g -O2 -Wall -pedantic -mtune=native -Werror=format-security -Wp,-D_FORTIFY_SOURCE=3 -fexceptions -fstack-protector-strong -fstack-clash-protection -fcf-protection -Werror=implicit-function-declaration -Wstrict-prototypes  -c escape.c -o escape.o
gcc -I"/opt/R/devel-gcc16/lib/R/include" -DNDEBUG -DWITH_GZFILEOP -DSTRICT_R_HEADERS -DR_NO_REMAP  -I/usr/local/include   -fvisibility=hidden -fpic  -g -O2 -Wall -pedantic -mtune=native -Werror=format-security -Wp,-D_FORTIFY_SOURCE=3 -fexceptions -fstack-protector-strong -fstack-clash-protection -fcf-protection -Werror=implicit-function-declaration -Wstrict-prototypes  -c fetch.c -o fetch.o
gcc -I"/opt/R/devel-gcc16/lib/R/include" -DNDEBUG -DWITH_GZFILEOP -DSTRICT_R_HEADERS -DR_NO_REMAP  -I/usr/local/include   -fvisibility=hidden -fpic  -g -O2 -Wall -pedantic -mtune=native -Werror=format-security -Wp,-D_FORTIFY_SOURCE=3 -fexceptions -fstack-protector-strong -fstack-clash-protection -fcf-protection -Werror=implicit-function-declaration -Wstrict-prototypes  -c findport.c -o findport.o
gcc -I"/opt/R/devel-gcc16/lib/R/include" -DNDEBUG -DWITH_GZFILEOP -DSTRICT_R_HEADERS -DR_NO_REMAP  -I/usr/local/include   -fvisibility=hidden -fpic  -g -O2 -Wall -pedantic -mtune=native -Werror=format-security -Wp,-D_FORTIFY_SOURCE=3 -fexceptions -fstack-protector-strong -fstack-clash-protection -fcf-protection -Werror=implicit-function-declaration -Wstrict-prototypes  -c form.c -o form.o
gcc -I"/opt/R/devel-gcc16/lib/R/include" -DNDEBUG -DWITH_GZFILEOP -DSTRICT_R_HEADERS -DR_NO_REMAP  -I/usr/local/include   -fvisibility=hidden -fpic  -g -O2 -Wall -pedantic -mtune=native -Werror=format-security -Wp,-D_FORTIFY_SOURCE=3 -fexceptions -fstack-protector-strong -fstack-clash-protection -fcf-protection -Werror=implicit-function-declaration -Wstrict-prototypes  -c getdate.c -o getdate.o
gcc -I"/opt/R/devel-gcc16/lib/R/include" -DNDEBUG -DWITH_GZFILEOP -DSTRICT_R_HEADERS -DR_NO_REMAP  -I/usr/local/include   -fvisibility=hidden -fpic  -g -O2 -Wall -pedantic -mtune=native -Werror=format-security -Wp,-D_FORTIFY_SOURCE=3 -fexceptions -fstack-protector-strong -fstack-clash-protection -fcf-protection -Werror=implicit-function-declaration -Wstrict-prototypes  -c handle.c -o handle.o
gcc -I"/opt/R/devel-gcc16/lib/R/include" -DNDEBUG -DWITH_GZFILEOP -DSTRICT_R_HEADERS -DR_NO_REMAP  -I/usr/local/include   -fvisibility=hidden -fpic  -g -O2 -Wall -pedantic -mtune=native -Werror=format-security -Wp,-D_FORTIFY_SOURCE=3 -fexceptions -fstack-protector-strong -fstack-clash-protection -fcf-protection -Werror=implicit-function-declaration -Wstrict-prototypes  -c ieproxy.c -o ieproxy.o
gcc -I"/opt/R/devel-gcc16/lib/R/include" -DNDEBUG -DWITH_GZFILEOP -DSTRICT_R_HEADERS -DR_NO_REMAP  -I/usr/local/include   -fvisibility=hidden -fpic  -g -O2 -Wall -pedantic -mtune=native -Werror=format-security -Wp,-D_FORTIFY_SOURCE=3 -fexceptions -fstack-protector-strong -fstack-clash-protection -fcf-protection -Werror=implicit-function-declaration -Wstrict-prototypes  -c init.c -o init.o
gcc -I"/opt/R/devel-gcc16/lib/R/include" -DNDEBUG -DWITH_GZFILEOP -DSTRICT_R_HEADERS -DR_NO_REMAP  -I/usr/local/include   -fvisibility=hidden -fpic  -g -O2 -Wall -pedantic -mtune=native -Werror=format-security -Wp,-D_FORTIFY_SOURCE=3 -fexceptions -fstack-protector-strong -fstack-clash-protection -fcf-protection -Werror=implicit-function-declaration -Wstrict-prototypes  -c interrupt.c -o interrupt.o
gcc -I"/opt/R/devel-gcc16/lib/R/include" -DNDEBUG -DWITH_GZFILEOP -DSTRICT_R_HEADERS -DR_NO_REMAP  -I/usr/local/include   -fvisibility=hidden -fpic  -g -O2 -Wall -pedantic -mtune=native -Werror=format-security -Wp,-D_FORTIFY_SOURCE=3 -fexceptions -fstack-protector-strong -fstack-clash-protection -fcf-protection -Werror=implicit-function-declaration -Wstrict-prototypes  -c multi.c -o multi.o
gcc -I"/opt/R/devel-gcc16/lib/R/include" -DNDEBUG -DWITH_GZFILEOP -DSTRICT_R_HEADERS -DR_NO_REMAP  -I/usr/local/include   -fvisibility=hidden -fpic  -g -O2 -Wall -pedantic -mtune=native -Werror=format-security -Wp,-D_FORTIFY_SOURCE=3 -fexceptions -fstack-protector-strong -fstack-clash-protection -fcf-protection -Werror=implicit-function-declaration -Wstrict-prototypes  -c nslookup.c -o nslookup.o
gcc -I"/opt/R/devel-gcc16/lib/R/include" -DNDEBUG -DWITH_GZFILEOP -DSTRICT_R_HEADERS -DR_NO_REMAP  -I/usr/local/include   -fvisibility=hidden -fpic  -g -O2 -Wall -pedantic -mtune=native -Werror=format-security -Wp,-D_FORTIFY_SOURCE=3 -fexceptions -fstack-protector-strong -fstack-clash-protection -fcf-protection -Werror=implicit-function-declaration -Wstrict-prototypes  -c options.c -o options.o
gcc -I"/opt/R/devel-gcc16/lib/R/include" -DNDEBUG -DWITH_GZFILEOP -DSTRICT_R_HEADERS -DR_NO_REMAP  -I/usr/local/include   -fvisibility=hidden -fpic  -g -O2 -Wall -pedantic -mtune=native -Werror=format-security -Wp,-D_FORTIFY_SOURCE=3 -fexceptions -fstack-protector-strong -fstack-clash-protection -fcf-protection -Werror=implicit-function-declaration -Wstrict-prototypes  -c reflist.c -o reflist.o
gcc -I"/opt/R/devel-gcc16/lib/R/include" -DNDEBUG -DWITH_GZFILEOP -DSTRICT_R_HEADERS -DR_NO_REMAP  -I/usr/local/include   -fvisibility=hidden -fpic  -g -O2 -Wall -pedantic -mtune=native -Werror=format-security -Wp,-D_FORTIFY_SOURCE=3 -fexceptions -fstack-protector-strong -fstack-clash-protection -fcf-protection -Werror=implicit-function-declaration -Wstrict-prototypes  -c split.c -o split.o
split.c: In function ‘R_split_string’:
split.c:8:16: warning: initialization discards ‘const’ qualifier from pointer target type [-Wdiscarded-qualifiers]
    8 |   char * out = strstr(str, cut);
      |                ^~~~~~
gcc -I"/opt/R/devel-gcc16/lib/R/include" -DNDEBUG -DWITH_GZFILEOP -DSTRICT_R_HEADERS -DR_NO_REMAP  -I/usr/local/include   -fvisibility=hidden -fpic  -g -O2 -Wall -pedantic -mtune=native -Werror=format-security -Wp,-D_FORTIFY_SOURCE=3 -fexceptions -fstack-protector-strong -fstack-clash-protection -fcf-protection -Werror=implicit-function-declaration -Wstrict-prototypes  -c ssl.c -o ssl.o
gcc -I"/opt/R/devel-gcc16/lib/R/include" -DNDEBUG -DWITH_GZFILEOP -DSTRICT_R_HEADERS -DR_NO_REMAP  -I/usr/local/include   -fvisibility=hidden -fpic  -g -O2 -Wall -pedantic -mtune=native -Werror=format-security -Wp,-D_FORTIFY_SOURCE=3 -fexceptions -fstack-protector-strong -fstack-clash-protection -fcf-protection -Werror=implicit-function-declaration -Wstrict-prototypes  -c typechecking.c -o typechecking.o
gcc -I"/opt/R/devel-gcc16/lib/R/include" -DNDEBUG -DWITH_GZFILEOP -DSTRICT_R_HEADERS -DR_NO_REMAP  -I/usr/local/include   -fvisibility=hidden -fpic  -g -O2 -Wall -pedantic -mtune=native -Werror=format-security -Wp,-D_FORTIFY_SOURCE=3 -fexceptions -fstack-protector-strong -fstack-clash-protection -fcf-protection -Werror=implicit-function-declaration -Wstrict-prototypes  -c urlparser.c -o urlparser.o
gcc -I"/opt/R/devel-gcc16/lib/R/include" -DNDEBUG -DWITH_GZFILEOP -DSTRICT_R_HEADERS -DR_NO_REMAP  -I/usr/local/include   -fvisibility=hidden -fpic  -g -O2 -Wall -pedantic -mtune=native -Werror=format-security -Wp,-D_FORTIFY_SOURCE=3 -fexceptions -fstack-protector-strong -fstack-clash-protection -fcf-protection -Werror=implicit-function-declaration -Wstrict-prototypes  -c utils.c -o utils.o
gcc -I"/opt/R/devel-gcc16/lib/R/include" -DNDEBUG -DWITH_GZFILEOP -DSTRICT_R_HEADERS -DR_NO_REMAP  -I/usr/local/include   -fvisibility=hidden -fpic  -g -O2 -Wall -pedantic -mtune=native -Werror=format-security -Wp,-D_FORTIFY_SOURCE=3 -fexceptions -fstack-protector-strong -fstack-clash-protection -fcf-protection -Werror=implicit-function-declaration -Wstrict-prototypes  -c version.c -o version.o
gcc -I"/opt/R/devel-gcc16/lib/R/include" -DNDEBUG -DWITH_GZFILEOP -DSTRICT_R_HEADERS -DR_NO_REMAP  -I/usr/local/include   -fvisibility=hidden -fpic  -g -O2 -Wall -pedantic -mtune=native -Werror=format-security -Wp,-D_FORTIFY_SOURCE=3 -fexceptions -fstack-protector-strong -fstack-clash-protection -fcf-protection -Werror=implicit-function-declaration -Wstrict-prototypes  -c winidn.c -o winidn.o
gcc -I"/opt/R/devel-gcc16/lib/R/include" -DNDEBUG -DWITH_GZFILEOP -DSTRICT_R_HEADERS -DR_NO_REMAP  -I/usr/local/include   -fvisibility=hidden -fpic  -g -O2 -Wall -pedantic -mtune=native -Werror=format-security -Wp,-D_FORTIFY_SOURCE=3 -fexceptions -fstack-protector-strong -fstack-clash-protection -fcf-protection -Werror=implicit-function-declaration -Wstrict-prototypes  -c writer.c -o writer.o
gcc -shared -L/opt/R/devel-gcc16/lib/R/lib -L/usr/local/lib -o curl.so callbacks.o curl.o download.o dryrun.o escape.o fetch.o findport.o form.o getdate.o handle.o ieproxy.o init.o interrupt.o multi.o nslookup.o options.o reflist.o split.o ssl.o typechecking.o urlparser.o utils.o version.o winidn.o writer.o -lcurl -L/opt/R/devel-gcc16/lib/R/lib -lR
installing to /cache/R_libs/00LOCK-curl/00new/curl/libs
** R
** inst
** byte-compile and prepare package for lazy loading
** help
*** installing help indices
  converting help for package ‘curl’
    finding HTML links ... done
    curl                                    html  
    curl_download                           html  
    curl_echo                               html  
    curl_escape                             html  
    curl_fetch                              html  
    curl_options                            html  
    curl_parse_url                          html  
    curl_upload                             html  
    file_writer                             html  
    handle                                  html  
    handle_cookies                          html  
    ie_proxy                                html  
    multi                                   html  
    multi_download                          html  
    multipart                               html  
    nslookup                                html  
    parse_date                              html  
    parse_headers                           html  
    send_mail                               html  
** building package indices
** installing vignettes
** testing if installed package can be loaded from temporary location
** checking absolute paths in shared objects and dynamic libraries
** testing if installed package can be loaded from final location
** testing if installed package keeps a record of temporary installation path
* DONE (curl)

The downloaded source packages are in
	‘/tmp/RtmpveT6BP/downloaded_packages’
* installing *source* package ‘cpp4r’ ...
** this is package ‘cpp4r’ version ‘1.2.0’
** using staged installation
** R
** inst
** byte-compile and prepare package for lazy loading
** help
*** installing help indices
  converting help for package ‘cpp4r’
    finding HTML links ... done
    cpp4r-package                           html  
    pkg_template                            html  
    register                                html  
    unvendor                                html  
    vendor                                  html  
*** copying figures
** building package indices
** installing vignettes
** testing if installed package can be loaded from temporary location
** testing if installed package can be loaded from final location
** testing if installed package keeps a record of temporary installation path
* DONE (cpp4r)
* installing *source* package ‘later2’ ...
** this is package ‘later2’ version ‘0.1’
** using staged installation
Running configure script
-latomic linker flag not needed.
** libs
using C compiler: ‘gcc (GCC) 16.1.1 20260501 (Red Hat 16.1.1-1)’
using C++ compiler: ‘g++ (GCC) 16.1.1 20260501 (Red Hat 16.1.1-1)’
g++ -std=gnu++20 -I"/opt/R/devel-gcc16/lib/R/include" -DNDEBUG -pthread -DSTRICT_R_HEADERS  -I'/cache/R_libs/cpp4r/include' -I/usr/local/include    -fpic  -g -O2 -Wall -pedantic -mtune=native -Wno-ignored-attributes -Wno-parentheses -Werror=format-security -Wp,-D_FORTIFY_SOURCE=3 -fexceptions -fstack-protector-strong -fstack-clash-protection -fcf-protection   -c callback_registry.cpp -o callback_registry.o
g++ -std=gnu++20 -I"/opt/R/devel-gcc16/lib/R/include" -DNDEBUG -pthread -DSTRICT_R_HEADERS  -I'/cache/R_libs/cpp4r/include' -I/usr/local/include    -fpic  -g -O2 -Wall -pedantic -mtune=native -Wno-ignored-attributes -Wno-parentheses -Werror=format-security -Wp,-D_FORTIFY_SOURCE=3 -fexceptions -fstack-protector-strong -fstack-clash-protection -fcf-protection   -c cpp4r.cpp -o cpp4r.o
g++ -std=gnu++20 -I"/opt/R/devel-gcc16/lib/R/include" -DNDEBUG -pthread -DSTRICT_R_HEADERS  -I'/cache/R_libs/cpp4r/include' -I/usr/local/include    -fpic  -g -O2 -Wall -pedantic -mtune=native -Wno-ignored-attributes -Wno-parentheses -Werror=format-security -Wp,-D_FORTIFY_SOURCE=3 -fexceptions -fstack-protector-strong -fstack-clash-protection -fcf-protection   -c debug.cpp -o debug.o
g++ -std=gnu++20 -I"/opt/R/devel-gcc16/lib/R/include" -DNDEBUG -pthread -DSTRICT_R_HEADERS  -I'/cache/R_libs/cpp4r/include' -I/usr/local/include    -fpic  -g -O2 -Wall -pedantic -mtune=native -Wno-ignored-attributes -Wno-parentheses -Werror=format-security -Wp,-D_FORTIFY_SOURCE=3 -fexceptions -fstack-protector-strong -fstack-clash-protection -fcf-protection   -c fd.cpp -o fd.o
g++ -std=gnu++20 -I"/opt/R/devel-gcc16/lib/R/include" -DNDEBUG -pthread -DSTRICT_R_HEADERS  -I'/cache/R_libs/cpp4r/include' -I/usr/local/include    -fpic  -g -O2 -Wall -pedantic -mtune=native -Wno-ignored-attributes -Wno-parentheses -Werror=format-security -Wp,-D_FORTIFY_SOURCE=3 -fexceptions -fstack-protector-strong -fstack-clash-protection -fcf-protection   -c later2.cpp -o later2.o
g++ -std=gnu++20 -I"/opt/R/devel-gcc16/lib/R/include" -DNDEBUG -pthread -DSTRICT_R_HEADERS  -I'/cache/R_libs/cpp4r/include' -I/usr/local/include    -fpic  -g -O2 -Wall -pedantic -mtune=native -Wno-ignored-attributes -Wno-parentheses -Werror=format-security -Wp,-D_FORTIFY_SOURCE=3 -fexceptions -fstack-protector-strong -fstack-clash-protection -fcf-protection   -c later_posix.cpp -o later_posix.o
g++ -std=gnu++20 -I"/opt/R/devel-gcc16/lib/R/include" -DNDEBUG -pthread -DSTRICT_R_HEADERS  -I'/cache/R_libs/cpp4r/include' -I/usr/local/include    -fpic  -g -O2 -Wall -pedantic -mtune=native -Wno-ignored-attributes -Wno-parentheses -Werror=format-security -Wp,-D_FORTIFY_SOURCE=3 -fexceptions -fstack-protector-strong -fstack-clash-protection -fcf-protection   -c later_win32.cpp -o later_win32.o
g++ -std=gnu++20 -I"/opt/R/devel-gcc16/lib/R/include" -DNDEBUG -pthread -DSTRICT_R_HEADERS  -I'/cache/R_libs/cpp4r/include' -I/usr/local/include    -fpic  -g -O2 -Wall -pedantic -mtune=native -Wno-ignored-attributes -Wno-parentheses -Werror=format-security -Wp,-D_FORTIFY_SOURCE=3 -fexceptions -fstack-protector-strong -fstack-clash-protection -fcf-protection   -c timer_posix.cpp -o timer_posix.o
g++ -std=gnu++20 -I"/opt/R/devel-gcc16/lib/R/include" -DNDEBUG -pthread -DSTRICT_R_HEADERS  -I'/cache/R_libs/cpp4r/include' -I/usr/local/include    -fpic  -g -O2 -Wall -pedantic -mtune=native -Wno-ignored-attributes -Wno-parentheses -Werror=format-security -Wp,-D_FORTIFY_SOURCE=3 -fexceptions -fstack-protector-strong -fstack-clash-protection -fcf-protection   -c timestamp_unix.cpp -o timestamp_unix.o
g++ -std=gnu++20 -I"/opt/R/devel-gcc16/lib/R/include" -DNDEBUG -pthread -DSTRICT_R_HEADERS  -I'/cache/R_libs/cpp4r/include' -I/usr/local/include    -fpic  -g -O2 -Wall -pedantic -mtune=native -Wno-ignored-attributes -Wno-parentheses -Werror=format-security -Wp,-D_FORTIFY_SOURCE=3 -fexceptions -fstack-protector-strong -fstack-clash-protection -fcf-protection   -c timestamp_win32.cpp -o timestamp_win32.o
gcc -I"/opt/R/devel-gcc16/lib/R/include" -DNDEBUG -pthread -DSTRICT_R_HEADERS  -I'/cache/R_libs/cpp4r/include' -I/usr/local/include    -fpic  -g -O2 -Wall -pedantic -mtune=native -Werror=format-security -Wp,-D_FORTIFY_SOURCE=3 -fexceptions -fstack-protector-strong -fstack-clash-protection -fcf-protection -Werror=implicit-function-declaration -Wstrict-prototypes  -c tinycthread.c -o tinycthread.o
g++ -std=gnu++20 -I"/opt/R/devel-gcc16/lib/R/include" -DNDEBUG -pthread -DSTRICT_R_HEADERS  -I'/cache/R_libs/cpp4r/include' -I/usr/local/include    -fpic  -g -O2 -Wall -pedantic -mtune=native -Wno-ignored-attributes -Wno-parentheses -Werror=format-security -Wp,-D_FORTIFY_SOURCE=3 -fexceptions -fstack-protector-strong -fstack-clash-protection -fcf-protection   -c wref.cpp -o wref.o
g++ -std=gnu++20 -shared -L/opt/R/devel-gcc16/lib/R/lib -L/usr/local/lib -o later2.so callback_registry.o cpp4r.o debug.o fd.o later2.o later_posix.o later_win32.o timer_posix.o timestamp_unix.o timestamp_win32.o tinycthread.o wref.o -pthread -L/opt/R/devel-gcc16/lib/R/lib -lR
installing to /cache/R_libs/00LOCK-later2/00new/later2/libs
** R
** inst
** byte-compile and prepare package for lazy loading
** help
*** installing help indices
  converting help for package ‘later2’
    finding HTML links ... done
    create_loop                             html  
    format.event_loop                       html  
    format.promise                          html  
    is.promise                              html  
    later                                   html  
    later2-package                          html  
    later_fd                                html  
    list_queue                              html  
    logLevel                                html  
    loop_empty                              html  
    next_op_secs                            html  
    print.event_loop                        html  
    print.promise                           html  
    promise                                 html  
    run_now                                 html  
    then                                    html  
** building package indices
** installing vignettes
** testing if installed package can be loaded from temporary location
** checking absolute paths in shared objects and dynamic libraries
** testing if installed package can be loaded from final location
** testing if installed package keeps a record of temporary installation path
* DONE (later2)
* installing *source* package ‘later2test’ ...
** this is package ‘later2test’ version ‘0.1’
** using staged installation
Running configure script
Using CXX_STD=CXX17
** libs
specified C++17
using C++ compiler: ‘g++ (GCC) 16.1.1 20260501 (Red Hat 16.1.1-1)’
using C++17
g++ -std=gnu++17 -I"/opt/R/devel-gcc16/lib/R/include" -DNDEBUG  -I'/cache/R_libs/cpp4r/include' -I'/cache/R_libs/later2/include' -I/usr/local/include   -fopenmp -fpic  -g -O2 -Wall -pedantic -mtune=native -Wno-ignored-attributes -Wno-parentheses -Werror=format-security -Wp,-D_FORTIFY_SOURCE=3 -fexceptions -fstack-protector-strong -fstack-clash-protection -fcf-protection   -c cpp4r.cpp -o cpp4r.o
g++ -std=gnu++17 -I"/opt/R/devel-gcc16/lib/R/include" -DNDEBUG  -I'/cache/R_libs/cpp4r/include' -I'/cache/R_libs/later2/include' -I/usr/local/include   -fopenmp -fpic  -g -O2 -Wall -pedantic -mtune=native -Wno-ignored-attributes -Wno-parentheses -Werror=format-security -Wp,-D_FORTIFY_SOURCE=3 -fexceptions -fstack-protector-strong -fstack-clash-protection -fcf-protection   -c later2test.cpp -o later2test.o
g++ -std=gnu++17 -shared -L/opt/R/devel-gcc16/lib/R/lib -L/usr/local/lib -o later2test.so cpp4r.o later2test.o -fopenmp -L/opt/R/devel-gcc16/lib/R/lib -lR
installing to /cache/R_libs/00LOCK-later2test/00new/later2test/libs
** R
** inst
** byte-compile and prepare package for lazy loading
** help
*** installing help indices
  converting help for package ‘later2test’
    finding HTML links ... done
    later2test-package                      html  
    testing                                 html  
** building package indices
** testing if installed package can be loaded from temporary location
** checking absolute paths in shared objects and dynamic libraries
** testing if installed package can be loaded from final location
** testing if installed package keeps a record of temporary installation path
* DONE (later2test)
* using log directory ‘/check/later2test.Rcheck’
* using R Under development (unstable) (2026-05-14 r90050)
* using platform: x86_64-pc-linux-gnu
* R was compiled by
    gcc (GCC) 16.1.1 20260501 (Red Hat 16.1.1-1)
    GNU Fortran (GCC) 16.1.1 20260501 (Red Hat 16.1.1-1)
* running under: Fedora Linux 44 (Container Image)
* using session charset: UTF-8
* current time: 2026-07-27 17:38:58 UTC
* using options ‘--no-manual --as-cran’
* checking for file ‘later2test/DESCRIPTION’ ... OK
* checking extension type ... Package
* this is package ‘later2test’ version ‘0.1’
* package encoding: UTF-8
* checking CRAN incoming feasibility ... WARNING
Maintainer: ‘Mauricio Vargas Sepulveda <m.vargas.sepulveda@gmail.com>’

New submission

Strong dependencies not in the CRAN or BioC software repositories:
  later2
* checking package namespace information ... OK
* checking package dependencies ... OK
* checking if this is a source package ... OK
* checking if there is a namespace ... OK
* checking for .dll and .exe files ... OK
* checking for hidden files and directories ... OK
* checking for portable file names ... OK
* checking for sufficient/correct file permissions ... OK
* checking whether package ‘later2test’ can be installed ... OK
* used C++ compiler: ‘g++ (GCC) 16.1.1 20260501 (Red Hat 16.1.1-1)’
* checking C++ specification ... INFO
  specified C++17
* checking package directory ... OK
* checking for future file timestamps ... OK
* checking DESCRIPTION meta-information ... OK
* checking top-level files ... OK
* checking for left-over files ... OK
* checking index information ... OK
* checking package subdirectories ... OK
* checking code files for non-ASCII characters ... OK
* checking R files for syntax errors ... OK
* checking whether the package can be loaded ... OK
* checking whether the package can be loaded with stated dependencies ... OK
* checking whether the package can be unloaded cleanly ... OK
* checking whether the namespace can be loaded with stated dependencies ... OK
* checking whether the namespace can be unloaded cleanly ... OK
* checking loading without being on the library search path ... OK
* checking use of S3 registration ... OK
* checking dependencies in R code ... OK
* checking S3 generic/method consistency ... OK
* checking replacement functions ... OK
* checking foreign function calls ... OK
* checking R code for possible problems ... OK
* checking Rd files ... OK
* checking Rd metadata ... OK
* checking Rd line widths ... OK
* checking Rd cross-references ... OK
* checking for missing documentation entries ... OK
* checking for code/documentation mismatches ... OK
* checking Rd \usage sections ... OK
* checking Rd contents ... OK
* checking for unstated dependencies in examples ... OK
* checking line endings in shell scripts ... OK
* checking line endings in C/C++/Fortran sources/headers ... OK
* checking line endings in Makefiles ... OK
* checking compilation flags in Makevars ... OK
* checking for GNU extensions in Makefiles ... OK
* checking for portable use of $(BLAS_LIBS) and $(LAPACK_LIBS) ... OK
* checking use of PKG_*FLAGS in Makefiles ... OK
* checking use of SHLIB_OPENMP_*FLAGS in Makefiles ... OK
* checking pragmas in C/C++ headers and code ... OK
* checking compilation flags used ... OK
* checking compiled code ... OK
* checking examples ... NONE
* checking for unstated dependencies in ‘tests’ ... OK
* checking tests ...
  Running ‘tinytest.R’
 OK
* checking for non-standard things in the check directory ... OK
* checking for detritus in the temp directory ... OK
* DONE

Status: 1 WARNING
See
  ‘/check/later2test.Rcheck/00check.log’
for details.

=== 00install.out ===
* installing *source* package ‘later2test’ ...
** this is package ‘later2test’ version ‘0.1’
** using staged installation
Running configure script
Using CXX_STD=CXX17
** libs
specified C++17
using C++ compiler: ‘g++ (GCC) 16.1.1 20260501 (Red Hat 16.1.1-1)’
using C++17
g++ -std=gnu++17 -I"/opt/R/devel-gcc16/lib/R/include" -DNDEBUG  -I'/cache/R_libs/cpp4r/include' -I'/cache/R_libs/later2/include' -I/usr/local/include   -fopenmp -fpic  -g -O2 -Wall -pedantic -mtune=native -Wno-ignored-attributes -Wno-parentheses -Werror=format-security -Wp,-D_FORTIFY_SOURCE=3 -fexceptions -fstack-protector-strong -fstack-clash-protection -fcf-protection   -c cpp4r.cpp -o cpp4r.o
g++ -std=gnu++17 -I"/opt/R/devel-gcc16/lib/R/include" -DNDEBUG  -I'/cache/R_libs/cpp4r/include' -I'/cache/R_libs/later2/include' -I/usr/local/include   -fopenmp -fpic  -g -O2 -Wall -pedantic -mtune=native -Wno-ignored-attributes -Wno-parentheses -Werror=format-security -Wp,-D_FORTIFY_SOURCE=3 -fexceptions -fstack-protector-strong -fstack-clash-protection -fcf-protection   -c later2test.cpp -o later2test.o
g++ -std=gnu++17 -shared -L/opt/R/devel-gcc16/lib/R/lib -L/usr/local/lib -o later2test.so cpp4r.o later2test.o -fopenmp -L/opt/R/devel-gcc16/lib/R/lib -lR
installing to /check/later2test.Rcheck/00LOCK-later2test/00new/later2test/libs
** R
** inst
** byte-compile and prepare package for lazy loading
** help
*** installing help indices
  converting help for package ‘later2test’
    finding HTML links ... done
    later2test-package                      html  
    testing                                 html  
** building package indices
** testing if installed package can be loaded from temporary location
** checking absolute paths in shared objects and dynamic libraries
** testing if installed package can be loaded from final location
** testing if installed package keeps a record of temporary installation path
* DONE (later2test)
=== 00check.log ===
* using log directory ‘/check/later2test.Rcheck’
* using R Under development (unstable) (2026-05-14 r90050)
* using platform: x86_64-pc-linux-gnu
* R was compiled by
    gcc (GCC) 16.1.1 20260501 (Red Hat 16.1.1-1)
    GNU Fortran (GCC) 16.1.1 20260501 (Red Hat 16.1.1-1)
* running under: Fedora Linux 44 (Container Image)
* using session charset: UTF-8
* current time: 2026-07-27 17:38:58 UTC
* using options ‘--no-manual --as-cran’
* checking for file ‘later2test/DESCRIPTION’ ... OK
* checking extension type ... Package
* this is package ‘later2test’ version ‘0.1’
* package encoding: UTF-8
* checking CRAN incoming feasibility ... WARNING
Maintainer: ‘Mauricio Vargas Sepulveda <m.vargas.sepulveda@gmail.com>’

New submission

Strong dependencies not in the CRAN or BioC software repositories:
  later2
* checking package namespace information ... OK
* checking package dependencies ... OK
* checking if this is a source package ... OK
* checking if there is a namespace ... OK
* checking for .dll and .exe files ... OK
* checking for hidden files and directories ... OK
* checking for portable file names ... OK
* checking for sufficient/correct file permissions ... OK
* checking whether package ‘later2test’ can be installed ... OK
* used C++ compiler: ‘g++ (GCC) 16.1.1 20260501 (Red Hat 16.1.1-1)’
* checking C++ specification ... INFO
  specified C++17
* checking package directory ... OK
* checking for future file timestamps ... OK
* checking DESCRIPTION meta-information ... OK
* checking top-level files ... OK
* checking for left-over files ... OK
* checking index information ... OK
* checking package subdirectories ... OK
* checking code files for non-ASCII characters ... OK
* checking R files for syntax errors ... OK
* checking whether the package can be loaded ... OK
* checking whether the package can be loaded with stated dependencies ... OK
* checking whether the package can be unloaded cleanly ... OK
* checking whether the namespace can be loaded with stated dependencies ... OK
* checking whether the namespace can be unloaded cleanly ... OK
* checking loading without being on the library search path ... OK
* checking use of S3 registration ... OK
* checking dependencies in R code ... OK
* checking S3 generic/method consistency ... OK
* checking replacement functions ... OK
* checking foreign function calls ... OK
* checking R code for possible problems ... OK
* checking Rd files ... OK
* checking Rd metadata ... OK
* checking Rd line widths ... OK
* checking Rd cross-references ... OK
* checking for missing documentation entries ... OK
* checking for code/documentation mismatches ... OK
* checking Rd \usage sections ... OK
* checking Rd contents ... OK
* checking for unstated dependencies in examples ... OK
* checking line endings in shell scripts ... OK
* checking line endings in C/C++/Fortran sources/headers ... OK
* checking line endings in Makefiles ... OK
* checking compilation flags in Makevars ... OK
* checking for GNU extensions in Makefiles ... OK
* checking for portable use of $(BLAS_LIBS) and $(LAPACK_LIBS) ... OK
* checking use of PKG_*FLAGS in Makefiles ... OK
* checking use of SHLIB_OPENMP_*FLAGS in Makefiles ... OK
* checking pragmas in C/C++ headers and code ... OK
* checking compilation flags used ... OK
* checking compiled code ... OK
* checking examples ... NONE
* checking for unstated dependencies in ‘tests’ ... OK
* checking tests ... OK
  Running ‘tinytest.R’
* checking for non-standard things in the check directory ... OK
* checking for detritus in the temp directory ... OK
* DONE
Status: 1 WARNING
